<html>
<body>
<pre>
<h1>µVision Build Log</h1>
<h2>Project:</h2>
C:\Users\OwaisAbdulKader\Desktop\imu_logger-master\imu_logger-master\logger\sw\keil\imu_logger.uvproj
Project File Date:  03/11/2013

<h2>Output:</h2>
Build target 'imu_logger'
compiling stm32f10x_it.c...
compiling main.c...
..\src\main.c(241): warning:  #111-D: statement is unreachable
compiling i2c.c...
compiling lsm303.c...
compiling sdio_ll.c...
compiling fs_hal.c...
compiling logger.c...
compiling button.c...
compiling lpry.c...
compiling lps001.c...
compiling rtc.c...
compiling sdio.c...
compiling jitter_buffer.c...
compiling exti.c...
compiling activity_detect.c...
compiling stm32f10x_rcc.c...
compiling stm32f10x_gpio.c...
compiling misc.c...
compiling stm32f10x_exti.c...
compiling stm32f10x_sdio.c...
compiling stm32f10x_dma.c...
compiling stm32f10x_i2c.c...
compiling stm32f10x_adc.c...
compiling stm32f10x_bkp.c...
compiling stm32f10x_dbgmcu.c...
compiling stm32f10x_pwr.c...
compiling stm32f10x_rtc.c...
compiling stm32f10x_tim.c...
compiling core_cm3.c...
compiling system_stm32f10x.c...
compiling ff.c...
compiling arm_power_f32.c...
compiling arm_mat_mult_f32.c...
linking...
Program Size: Code=24272 RO-data=828 RW-data=448 ZI-data=48304  
FromELF: creating hex file...
".\build\obj\imu_logger.axf" - 0 Error(s), 1 Warning(s).
Load "C:\\Users\\OwaisAbdulKader\\Desktop\\imu_logger-master\\imu_logger-master\\logger\\sw\\keil\\build\\obj\\imu_logger.AXF" 
Cannot enter Debug Mode
Load "C:\\Users\\OwaisAbdulKader\\Desktop\\imu_logger-master\\imu_logger-master\\logger\\sw\\keil\\build\\obj\\imu_logger.AXF" 
Erase Done.
Programming Done.
Verify OK.
Build target 'imu_logger'
compiling main.c...
..\src\main.c(248): warning:  #111-D: statement is unreachable
..\src\main.c(398): error:  #31: expression must have integral type
..\src\main.c(399): error:  #31: expression must have integral type
..\src\main.c(400): error:  #31: expression must have integral type
..\src\main.c(68): warning:  #177-D: variable "averagex" was declared but never referenced
..\src\main.c(68): warning:  #177-D: variable "averagey" was declared but never referenced
..\src\main.c(68): warning:  #177-D: variable "averagez" was declared but never referenced
compiling lsm303.c...
compiling logger.c...
Target not created
Build target 'imu_logger'
compiling main.c...
..\src\main.c(249): warning:  #111-D: statement is unreachable
..\src\main.c(67): warning:  #550-D: variable "dsp_buffer_x" was set but never used
..\src\main.c(67): warning:  #550-D: variable "dsp_buffer_y" was set but never used
..\src\main.c(67): warning:  #550-D: variable "dsp_buffer_z" was set but never used
..\src\main.c(68): warning:  #177-D: variable "averagex" was declared but never referenced
..\src\main.c(68): warning:  #177-D: variable "averagey" was declared but never referenced
..\src\main.c(68): warning:  #177-D: variable "averagez" was declared but never referenced
linking...
.\build\obj\imu_logger.axf: Error: L6200E: Symbol dsp_write multiply defined (by lsm303.o and main.o).
.\build\obj\imu_logger.axf: Error: L6200E: Symbol dsp_write multiply defined (by logger.o and main.o).
Target not created
Build target 'imu_logger'
compiling main.c...
..\src\main.c(249): warning:  #111-D: statement is unreachable
..\src\main.c(408): error:  #20: identifier "dsp_write" is undefined
..\src\main.c(67): warning:  #550-D: variable "dsp_buffer_x" was set but never used
..\src\main.c(67): warning:  #550-D: variable "dsp_buffer_y" was set but never used
..\src\main.c(67): warning:  #550-D: variable "dsp_buffer_z" was set but never used
..\src\main.c(68): warning:  #177-D: variable "averagex" was declared but never referenced
..\src\main.c(68): warning:  #177-D: variable "averagey" was declared but never referenced
..\src\main.c(68): warning:  #177-D: variable "averagez" was declared but never referenced
compiling lsm303.c...
compiling logger.c...
Target not created
Build target 'imu_logger'
compiling main.c...
..\src\main.c(249): warning:  #111-D: statement is unreachable
..\src\main.c(67): warning:  #550-D: variable "dsp_buffer_x" was set but never used
..\src\main.c(67): warning:  #550-D: variable "dsp_buffer_y" was set but never used
..\src\main.c(67): warning:  #550-D: variable "dsp_buffer_z" was set but never used
..\src\main.c(68): warning:  #177-D: variable "averagex" was declared but never referenced
..\src\main.c(68): warning:  #177-D: variable "averagey" was declared but never referenced
..\src\main.c(68): warning:  #177-D: variable "averagez" was declared but never referenced
linking...
.\build\obj\imu_logger.axf: Error: L6200E: Symbol dsp_write_flag multiply defined (by lsm303.o and main.o).
.\build\obj\imu_logger.axf: Error: L6200E: Symbol dsp_write_flag multiply defined (by logger.o and main.o).
Target not created
Build target 'imu_logger'
compiling main.c...
..\src\main.c(249): warning:  #111-D: statement is unreachable
..\src\main.c(67): warning:  #550-D: variable "dsp_buffer_x" was set but never used
..\src\main.c(67): warning:  #550-D: variable "dsp_buffer_y" was set but never used
..\src\main.c(67): warning:  #550-D: variable "dsp_buffer_z" was set but never used
..\src\main.c(68): warning:  #177-D: variable "averagex" was declared but never referenced
..\src\main.c(68): warning:  #177-D: variable "averagey" was declared but never referenced
..\src\main.c(68): warning:  #177-D: variable "averagez" was declared but never referenced
compiling lsm303.c...
compiling logger.c...
linking...
Program Size: Code=24368 RO-data=828 RW-data=464 ZI-data=51304  
FromELF: creating hex file...
".\build\obj\imu_logger.axf" - 0 Error(s), 7 Warning(s).
Build target 'imu_logger'
compiling logger.c...
..\src\logger.c(117): warning:  #177-D: variable "log_dspx_buffer" was declared but never referenced
..\src\logger.c(117): warning:  #177-D: variable "log_dspy_buffer" was declared but never referenced
..\src\logger.c(117): warning:  #177-D: variable "log_dspz_buffer" was declared but never referenced
linking...
Program Size: Code=24368 RO-data=828 RW-data=464 ZI-data=54304  
FromELF: creating hex file...
".\build\obj\imu_logger.axf" - 0 Error(s), 3 Warning(s).
Build target 'imu_logger'
compiling main.c...
..\src\logger.h(43): error:  #18: expected a ")"
..\src\main.c(249): warning:  #111-D: statement is unreachable
..\src\main.c(67): warning:  #550-D: variable "dsp_buffer_x" was set but never used
..\src\main.c(67): warning:  #550-D: variable "dsp_buffer_y" was set but never used
..\src\main.c(67): warning:  #550-D: variable "dsp_buffer_z" was set but never used
..\src\main.c(68): warning:  #177-D: variable "averagex" was declared but never referenced
..\src\main.c(68): warning:  #177-D: variable "averagey" was declared but never referenced
..\src\main.c(68): warning:  #177-D: variable "averagez" was declared but never referenced
compiling lsm303.c...
..\src\logger.h(43): error:  #18: expected a ")"
compiling logger.c...
..\src\logger.h(43): error:  #18: expected a ")"
..\src\logger.c(117): warning:  #177-D: variable "log_dspx_buffer" was declared but never referenced
..\src\logger.c(117): warning:  #177-D: variable "log_dspy_buffer" was declared but never referenced
..\src\logger.c(117): warning:  #177-D: variable "log_dspz_buffer" was declared but never referenced
Target not created
Build target 'imu_logger'
compiling main.c...
..\src\logger.h(43): error:  #18: expected a ")"
..\src\main.c(249): warning:  #111-D: statement is unreachable
..\src\main.c(67): warning:  #550-D: variable "dsp_buffer_x" was set but never used
..\src\main.c(67): warning:  #550-D: variable "dsp_buffer_y" was set but never used
..\src\main.c(67): warning:  #550-D: variable "dsp_buffer_z" was set but never used
..\src\main.c(68): warning:  #177-D: variable "averagex" was declared but never referenced
..\src\main.c(68): warning:  #177-D: variable "averagey" was declared but never referenced
..\src\main.c(68): warning:  #177-D: variable "averagez" was declared but never referenced
compiling lsm303.c...
..\src\logger.h(43): error:  #18: expected a ")"
compiling logger.c...
..\src\logger.h(43): error:  #18: expected a ")"
..\src\logger.c(117): warning:  #177-D: variable "log_dspx_buffer" was declared but never referenced
..\src\logger.c(117): warning:  #177-D: variable "log_dspy_buffer" was declared but never referenced
..\src\logger.c(117): warning:  #177-D: variable "log_dspz_buffer" was declared but never referenced
Target not created
Build target 'imu_logger'
compiling main.c...
..\src\logger.h(20): error:  #18: expected a ")"
..\src\main.c(249): warning:  #111-D: statement is unreachable
..\src\main.c(67): warning:  #550-D: variable "dsp_buffer_x" was set but never used
..\src\main.c(67): warning:  #550-D: variable "dsp_buffer_y" was set but never used
..\src\main.c(67): warning:  #550-D: variable "dsp_buffer_z" was set but never used
..\src\main.c(68): warning:  #177-D: variable "averagex" was declared but never referenced
..\src\main.c(68): warning:  #177-D: variable "averagey" was declared but never referenced
..\src\main.c(68): warning:  #177-D: variable "averagez" was declared but never referenced
compiling lsm303.c...
..\src\logger.h(20): error:  #18: expected a ")"
compiling logger.c...
..\src\logger.h(20): error:  #18: expected a ")"
..\src\logger.c(117): warning:  #177-D: variable "log_dspx_buffer" was declared but never referenced
..\src\logger.c(117): warning:  #177-D: variable "log_dspy_buffer" was declared but never referenced
..\src\logger.c(117): warning:  #177-D: variable "log_dspz_buffer" was declared but never referenced
Target not created
Build target 'imu_logger'
compiling main.c...
..\src\main.c(249): warning:  #111-D: statement is unreachable
..\src\main.c(67): warning:  #550-D: variable "dsp_buffer_x" was set but never used
..\src\main.c(67): warning:  #550-D: variable "dsp_buffer_y" was set but never used
..\src\main.c(67): warning:  #550-D: variable "dsp_buffer_z" was set but never used
..\src\main.c(68): warning:  #177-D: variable "averagex" was declared but never referenced
..\src\main.c(68): warning:  #177-D: variable "averagey" was declared but never referenced
..\src\main.c(68): warning:  #177-D: variable "averagez" was declared but never referenced
compiling lsm303.c...
compiling logger.c...
..\src\logger.c(117): warning:  #177-D: variable "log_dspx_buffer" was declared but never referenced
..\src\logger.c(117): warning:  #177-D: variable "log_dspy_buffer" was declared but never referenced
..\src\logger.c(117): warning:  #177-D: variable "log_dspz_buffer" was declared but never referenced
linking...
Program Size: Code=24368 RO-data=828 RW-data=464 ZI-data=54304  
FromELF: creating hex file...
".\build\obj\imu_logger.axf" - 0 Error(s), 10 Warning(s).
Build target 'imu_logger'
compiling main.c...
..\src\main.c(249): warning:  #111-D: statement is unreachable
..\src\main.c(68): warning:  #177-D: variable "averagex" was declared but never referenced
..\src\main.c(68): warning:  #177-D: variable "averagey" was declared but never referenced
..\src\main.c(68): warning:  #177-D: variable "averagez" was declared but never referenced
compiling lsm303.c...
compiling logger.c...
..\src\logger.c(140): warning:  #223-D: function "arm_mean_f32" declared implicitly
..\src\logger.c(117): warning:  #550-D: variable "log_dspy_buffer" was set but never used
..\src\logger.c(117): warning:  #550-D: variable "log_dspz_buffer" was set but never used
linking...
.\build\obj\imu_logger.axf: Error: L6218E: Undefined symbol arm_mean_f32 (referred from logger.o).
Target not created
Build target 'imu_logger'
compiling main.c...
..\src\main.c(249): warning:  #111-D: statement is unreachable
..\src\main.c(68): warning:  #177-D: variable "averagex" was declared but never referenced
..\src\main.c(68): warning:  #177-D: variable "averagey" was declared but never referenced
..\src\main.c(68): warning:  #177-D: variable "averagez" was declared but never referenced
compiling lsm303.c...
compiling logger.c...
..\src\logger.c(117): warning:  #550-D: variable "log_dspy_buffer" was set but never used
..\src\logger.c(117): warning:  #550-D: variable "log_dspz_buffer" was set but never used
linking...
.\build\obj\imu_logger.axf: Error: L6218E: Undefined symbol arm_mean_f32 (referred from logger.o).
Target not created
Build target 'imu_logger'
compiling logger.c...
..\src\logger.c(117): warning:  #550-D: variable "log_dspy_buffer" was set but never used
..\src\logger.c(117): warning:  #550-D: variable "log_dspz_buffer" was set but never used
linking...
.\build\obj\imu_logger.axf: Error: L6218E: Undefined symbol arm_mean_f32 (referred from logger.o).
Target not created
Build target 'imu_logger'
compiling logger.c...
..\src\logger.c(117): warning:  #550-D: variable "log_dspy_buffer" was set but never used
..\src\logger.c(117): warning:  #550-D: variable "log_dspz_buffer" was set but never used
linking...
.\build\obj\imu_logger.axf: Error: L6218E: Undefined symbol arm_mean_f32 (referred from logger.o).
Target not created
Build target 'imu_logger'
compiling main.c...
..\src\main.c(249): warning:  #111-D: statement is unreachable
..\src\main.c(68): warning:  #177-D: variable "averagex" was declared but never referenced
..\src\main.c(68): warning:  #177-D: variable "averagey" was declared but never referenced
..\src\main.c(68): warning:  #177-D: variable "averagez" was declared but never referenced
compiling lsm303.c...
compiling logger.c...
..\src\logger.c(117): warning:  #550-D: variable "log_dspy_buffer" was set but never used
..\src\logger.c(117): warning:  #550-D: variable "log_dspz_buffer" was set but never used
linking...
.\build\obj\imu_logger.axf: Error: L6218E: Undefined symbol arm_mean_f32 (referred from logger.o).
Target not created
Rebuild target 'imu_logger'
compiling stm32f10x_it.c...
compiling main.c...
..\src\main.c(249): warning:  #111-D: statement is unreachable
..\src\main.c(68): warning:  #177-D: variable "averagex" was declared but never referenced
..\src\main.c(68): warning:  #177-D: variable "averagey" was declared but never referenced
..\src\main.c(68): warning:  #177-D: variable "averagez" was declared but never referenced
compiling i2c.c...
compiling lsm303.c...
compiling sdio_ll.c...
compiling fs_hal.c...
compiling logger.c...
..\src\logger.c(117): warning:  #550-D: variable "log_dspy_buffer" was set but never used
..\src\logger.c(117): warning:  #550-D: variable "log_dspz_buffer" was set but never used
compiling button.c...
compiling lpry.c...
compiling lps001.c...
compiling rtc.c...
compiling sdio.c...
compiling jitter_buffer.c...
compiling exti.c...
compiling activity_detect.c...
compiling stm32f10x_rcc.c...
compiling stm32f10x_gpio.c...
compiling misc.c...
compiling stm32f10x_exti.c...
compiling stm32f10x_sdio.c...
compiling stm32f10x_dma.c...
compiling stm32f10x_i2c.c...
compiling stm32f10x_adc.c...
compiling stm32f10x_bkp.c...
compiling stm32f10x_dbgmcu.c...
compiling stm32f10x_pwr.c...
compiling stm32f10x_rtc.c...
compiling stm32f10x_tim.c...
compiling core_cm3.c...
compiling system_stm32f10x.c...
assembling startup_stm32f10x_hd.s...
compiling ff.c...
compiling arm_power_f32.c...
compiling arm_mat_mult_f32.c...
linking...
.\build\obj\imu_logger.axf: Error: L6218E: Undefined symbol arm_mean_f32 (referred from logger.o).
Target not created
Build target 'imu_logger'
compiling arm_mean_f32.c...
linking...
Program Size: Code=24708 RO-data=828 RW-data=468 ZI-data=54316  
FromELF: creating hex file...
".\build\obj\imu_logger.axf" - 0 Error(s), 0 Warning(s).
Build target 'imu_logger'
compiling logger.c...
linking...
Program Size: Code=24732 RO-data=828 RW-data=468 ZI-data=54316  
FromELF: creating hex file...
".\build\obj\imu_logger.axf" - 0 Error(s), 0 Warning(s).
Load "C:\\Users\\OwaisAbdulKader\\Desktop\\imu_logger-master\\imu_logger-master\\logger\\sw\\keil\\build\\obj\\imu_logger.AXF" 
Erase Done.
Programming Done.
Verify OK.
Build target 'imu_logger'
linking...
Program Size: Code=24732 RO-data=828 RW-data=468 ZI-data=54316  
FromELF: creating hex file...
".\build\obj\imu_logger.axf" - 0 Error(s), 0 Warning(s).
Load "C:\\Users\\OwaisAbdulKader\\Desktop\\imu_logger-master\\imu_logger-master\\logger\\sw\\keil\\build\\obj\\imu_logger.AXF" 
Erase Done.
Programming Done.
Verify OK.
Full Chip Erase Done.
Build target 'imu_logger'
linking...
Program Size: Code=24732 RO-data=828 RW-data=468 ZI-data=54316  
FromELF: creating hex file...
".\build\obj\imu_logger.axf" - 0 Error(s), 0 Warning(s).
Load "C:\\Users\\OwaisAbdulKader\\Desktop\\imu_logger-master\\imu_logger-master\\logger\\sw\\keil\\build\\obj\\imu_logger.AXF" 
Erase Done.
Programming Done.
Verify OK.
Rebuild target 'imu_logger'
compiling stm32f10x_it.c...
compiling main.c...
..\src\main.c(249): warning:  #111-D: statement is unreachable
..\src\main.c(68): warning:  #177-D: variable "averagex" was declared but never referenced
..\src\main.c(68): warning:  #177-D: variable "averagey" was declared but never referenced
..\src\main.c(68): warning:  #177-D: variable "averagez" was declared but never referenced
compiling i2c.c...
compiling lsm303.c...
compiling sdio_ll.c...
compiling fs_hal.c...
compiling logger.c...
compiling button.c...
compiling lpry.c...
compiling lps001.c...
compiling rtc.c...
compiling sdio.c...
compiling jitter_buffer.c...
compiling exti.c...
compiling activity_detect.c...
compiling stm32f10x_rcc.c...
compiling stm32f10x_gpio.c...
compiling misc.c...
compiling stm32f10x_exti.c...
compiling stm32f10x_sdio.c...
compiling stm32f10x_dma.c...
compiling stm32f10x_i2c.c...
compiling stm32f10x_adc.c...
compiling stm32f10x_bkp.c...
compiling stm32f10x_dbgmcu.c...
compiling stm32f10x_pwr.c...
compiling stm32f10x_rtc.c...
compiling stm32f10x_tim.c...
compiling core_cm3.c...
compiling system_stm32f10x.c...
assembling startup_stm32f10x_hd.s...
compiling ff.c...
compiling arm_power_f32.c...
compiling arm_mat_mult_f32.c...
compiling arm_mean_f32.c...
linking...
Program Size: Code=24732 RO-data=828 RW-data=468 ZI-data=54316  
FromELF: creating hex file...
".\build\obj\imu_logger.axf" - 0 Error(s), 4 Warning(s).
Load "C:\\Users\\OwaisAbdulKader\\Desktop\\imu_logger-master\\imu_logger-master\\logger\\sw\\keil\\build\\obj\\imu_logger.AXF" 
Erase Done.
Programming Done.
Verify OK.
Build target 'imu_logger'
linking...
Program Size: Code=24732 RO-data=828 RW-data=468 ZI-data=54316  
FromELF: creating hex file...
".\build\obj\imu_logger.axf" - 0 Error(s), 0 Warning(s).
Load "C:\\Users\\OwaisAbdulKader\\Desktop\\imu_logger-master\\imu_logger-master\\logger\\sw\\keil\\build\\obj\\imu_logger.AXF" 
Cannot enter Debug Mode
Load "C:\\Users\\OwaisAbdulKader\\Desktop\\imu_logger-master\\imu_logger-master\\logger\\sw\\keil\\build\\obj\\imu_logger.AXF" 
Erase Done.
Programming Done.
Verify OK.
Load "C:\\Users\\OwaisAbdulKader\\Desktop\\imu_logger-master\\imu_logger-master\\logger\\sw\\keil\\build\\obj\\imu_logger.AXF" 
Cannot enter Debug Mode
Load "C:\\Users\\OwaisAbdulKader\\Desktop\\imu_logger-master\\imu_logger-master\\logger\\sw\\keil\\build\\obj\\imu_logger.AXF" 
Erase Done.
Programming Done.
Verify OK.
Load "C:\\Users\\OwaisAbdulKader\\Desktop\\imu_logger-master\\imu_logger-master\\logger\\sw\\keil\\build\\obj\\imu_logger.AXF" 
Cannot enter Debug Mode
Load "C:\\Users\\OwaisAbdulKader\\Desktop\\imu_logger-master\\imu_logger-master\\logger\\sw\\keil\\build\\obj\\imu_logger.AXF" 
Erase Done.
Programming Done.
Verify OK.
Build target 'imu_logger'
compiling logger.c...
linking...
Program Size: Code=24736 RO-data=828 RW-data=468 ZI-data=54316  
FromELF: creating hex file...
".\build\obj\imu_logger.axf" - 0 Error(s), 0 Warning(s).
Load "C:\\Users\\OwaisAbdulKader\\Desktop\\imu_logger-master\\imu_logger-master\\logger\\sw\\keil\\build\\obj\\imu_logger.AXF" 
Cannot enter Debug Mode
Load "C:\\Users\\OwaisAbdulKader\\Desktop\\imu_logger-master\\imu_logger-master\\logger\\sw\\keil\\build\\obj\\imu_logger.AXF" 
Erase Done.
Programming Done.
Verify OK.
Build target 'imu_logger'
linking...
Program Size: Code=24736 RO-data=828 RW-data=468 ZI-data=54316  
FromELF: creating hex file...
".\build\obj\imu_logger.axf" - 0 Error(s), 0 Warning(s).
Load "C:\\Users\\OwaisAbdulKader\\Desktop\\imu_logger-master\\imu_logger-master\\logger\\sw\\keil\\build\\obj\\imu_logger.AXF" 
Cannot enter Debug Mode
Load "C:\\Users\\OwaisAbdulKader\\Desktop\\imu_logger-master\\imu_logger-master\\logger\\sw\\keil\\build\\obj\\imu_logger.AXF" 
Erase Done.
Programming Done.
Verify OK.
Build target 'imu_logger'
compiling logger.c...
linking...
Program Size: Code=24760 RO-data=828 RW-data=468 ZI-data=54316  
FromELF: creating hex file...
".\build\obj\imu_logger.axf" - 0 Error(s), 0 Warning(s).
Load "C:\\Users\\OwaisAbdulKader\\Desktop\\imu_logger-master\\imu_logger-master\\logger\\sw\\keil\\build\\obj\\imu_logger.AXF" 
Erase Done.
Programming Done.
Verify OK.
Build target 'imu_logger'
compiling logger.c...
linking...
Program Size: Code=24772 RO-data=828 RW-data=468 ZI-data=54316  
FromELF: creating hex file...
".\build\obj\imu_logger.axf" - 0 Error(s), 0 Warning(s).
Load "C:\\Users\\OwaisAbdulKader\\Desktop\\imu_logger-master\\imu_logger-master\\logger\\sw\\keil\\build\\obj\\imu_logger.AXF" 
Erase Done.
Programming Done.
Verify OK.
Build target 'imu_logger'
compiling logger.c...
linking...
Program Size: Code=24772 RO-data=828 RW-data=468 ZI-data=54316  
FromELF: creating hex file...
".\build\obj\imu_logger.axf" - 0 Error(s), 0 Warning(s).
Load "C:\\Users\\OwaisAbdulKader\\Desktop\\imu_logger-master\\imu_logger-master\\logger\\sw\\keil\\build\\obj\\imu_logger.AXF" 
Erase Done.
Programming Done.
Verify OK.
Load "C:\\Users\\OwaisAbdulKader\\Desktop\\imu_logger-master\\imu_logger-master\\logger\\sw\\keil\\build\\obj\\imu_logger.AXF" 
Erase Done.
Programming Done.
Verify OK.
Build target 'imu_logger'
compiling logger.c...
linking...
Program Size: Code=24772 RO-data=828 RW-data=468 ZI-data=54316  
FromELF: creating hex file...
".\build\obj\imu_logger.axf" - 0 Error(s), 0 Warning(s).
Load "C:\\Users\\OwaisAbdulKader\\Desktop\\imu_logger-master\\imu_logger-master\\logger\\sw\\keil\\build\\obj\\imu_logger.AXF" 
Erase Done.
Programming Done.
Verify OK.
Build target 'imu_logger'
compiling logger.c...
linking...
Program Size: Code=24772 RO-data=828 RW-data=468 ZI-data=54316  
FromELF: creating hex file...
".\build\obj\imu_logger.axf" - 0 Error(s), 0 Warning(s).
Load "C:\\Users\\OwaisAbdulKader\\Desktop\\imu_logger-master\\imu_logger-master\\logger\\sw\\keil\\build\\obj\\imu_logger.AXF" 
Erase Done.
Programming Done.
Verify OK.
Build target 'imu_logger'
compiling logger.c...
..\src\logger.c(427): error:  #268: declaration may not appear after executable statement in block
Target not created
Build target 'imu_logger'
compiling logger.c...
linking...
Program Size: Code=24776 RO-data=828 RW-data=484 ZI-data=54316  
FromELF: creating hex file...
".\build\obj\imu_logger.axf" - 0 Error(s), 0 Warning(s).
Load "C:\\Users\\OwaisAbdulKader\\Desktop\\imu_logger-master\\imu_logger-master\\logger\\sw\\keil\\build\\obj\\imu_logger.AXF" 
Erase Done.
Programming Done.
Verify OK.
Build target 'imu_logger'
compiling logger.c...
..\src\logger.c(123): error:  #20: identifier "FLT_MAX" is undefined
Target not created
Build target 'imu_logger'
compiling logger.c...
linking...
Program Size: Code=24776 RO-data=828 RW-data=484 ZI-data=54316  
FromELF: creating hex file...
".\build\obj\imu_logger.axf" - 0 Error(s), 0 Warning(s).
Load "C:\\Users\\OwaisAbdulKader\\Desktop\\imu_logger-master\\imu_logger-master\\logger\\sw\\keil\\build\\obj\\imu_logger.AXF" 
Erase Done.
Programming Done.
Verify OK.
Build target 'imu_logger'
compiling logger.c...
linking...
Program Size: Code=24776 RO-data=828 RW-data=484 ZI-data=54316  
FromELF: creating hex file...
".\build\obj\imu_logger.axf" - 0 Error(s), 0 Warning(s).
Load "C:\\Users\\OwaisAbdulKader\\Desktop\\imu_logger-master\\imu_logger-master\\logger\\sw\\keil\\build\\obj\\imu_logger.AXF" 
Erase Done.
Programming Done.
Verify OK.
Build target 'imu_logger'
compiling logger.c...
linking...
Program Size: Code=24776 RO-data=828 RW-data=484 ZI-data=54316  
FromELF: creating hex file...
".\build\obj\imu_logger.axf" - 0 Error(s), 0 Warning(s).
Load "C:\\Users\\OwaisAbdulKader\\Desktop\\imu_logger-master\\imu_logger-master\\logger\\sw\\keil\\build\\obj\\imu_logger.AXF" 
Erase Done.
Programming Done.
Verify OK.
Build target 'imu_logger'
compiling logger.c...
linking...
Program Size: Code=24776 RO-data=828 RW-data=484 ZI-data=54316  
FromELF: creating hex file...
".\build\obj\imu_logger.axf" - 0 Error(s), 0 Warning(s).
Load "C:\\Users\\OwaisAbdulKader\\Desktop\\imu_logger-master\\imu_logger-master\\logger\\sw\\keil\\build\\obj\\imu_logger.AXF" 
Erase Done.
Programming Done.
Verify OK.
