ARM Linker, 5.02 [Build 28] [MDK-ARM Standard]

==============================================================================

Section Cross References

    main.o(i.SysTick_Handler) refers to lsm303.o(i.lsm303_acc_xfer_complete) for lsm303_acc_xfer_complete
    main.o(i.SysTick_Handler) refers to lsm303.o(i.lsm303_update_acc) for lsm303_update_acc
    main.o(i.SysTick_Handler) refers to lsm303.o(i.lsm303_mag_xfer_complete) for lsm303_mag_xfer_complete
    main.o(i.SysTick_Handler) refers to lsm303.o(i.lsm303_update_mag) for lsm303_update_mag
    main.o(i.SysTick_Handler) refers to lpry.o(i.lpry_xfer_complete) for lpry_xfer_complete
    main.o(i.SysTick_Handler) refers to lpry.o(i.lpry_update) for lpry_update
    main.o(i.SysTick_Handler) refers to lps001.o(i.lps_xfer_complete) for lps_xfer_complete
    main.o(i.SysTick_Handler) refers to lps001.o(i.lps_update) for lps_update
    main.o(i.SysTick_Handler) refers to main.o(i.frame_to_jb) for frame_to_jb
    main.o(i.SysTick_Handler) refers to lsm303.o(i.lsm303_read_acc) for lsm303_read_acc
    main.o(i.SysTick_Handler) refers to lsm303.o(i.lsm303_read_mag) for lsm303_read_mag
    main.o(i.SysTick_Handler) refers to lps001.o(i.lps_read) for lps_read
    main.o(i.SysTick_Handler) refers to lpry.o(i.lpry_read) for lpry_read
    main.o(i.SysTick_Handler) refers to main.o(.data) for mode
    main.o(i.SysTick_Handler) refers to lsm303.o(.data) for magacc
    main.o(i.do_error) refers to main.o(i.SysTick_Config) for SysTick_Config
    main.o(i.do_error) refers to main.o(i.led_clr) for led_clr
    main.o(i.do_error) refers to main.o(i.led_set) for led_set
    main.o(i.do_error) refers to button.o(i.button_check_press) for button_check_press
    main.o(i.do_error) refers to system_stm32f10x.o(.data) for SystemCoreClock
    main.o(i.do_error) refers to main.o(.data) for tick
    main.o(i.do_init) refers to main.o(i.SysTick_Config) for SysTick_Config
    main.o(i.do_init) refers to main.o(i.led_set) for led_set
    main.o(i.do_init) refers to main.o(i.led_clr) for led_clr
    main.o(i.do_init) refers to system_stm32f10x.o(.data) for SystemCoreClock
    main.o(i.do_init) refers to main.o(.data) for tick
    main.o(i.do_run) refers to lps001.o(i.lps_set_pm) for lps_set_pm
    main.o(i.do_run) refers to lsm303.o(i.lsm303_set_pm) for lsm303_set_pm
    main.o(i.do_run) refers to lpry.o(i.lpry_power_on) for lpry_power_on
    main.o(i.do_run) refers to logger.o(i.logger_init) for logger_init
    main.o(i.do_run) refers to main.o(i.led_set) for led_set
    main.o(i.do_run) refers to jitter_buffer.o(i.jb_init) for jb_init
    main.o(i.do_run) refers to main.o(i.SysTick_Config) for SysTick_Config
    main.o(i.do_run) refers to main.o(i.led_clr) for led_clr
    main.o(i.do_run) refers to jitter_buffer.o(i.jb_pop) for jb_pop
    main.o(i.do_run) refers to logger.o(i.copy_dsp_buffer) for copy_dsp_buffer
    main.o(i.do_run) refers to logger.o(i.logger_update) for logger_update
    main.o(i.do_run) refers to button.o(i.button_check_press) for button_check_press
    main.o(i.do_run) refers to logger.o(i.logger_sync) for logger_sync
    main.o(i.do_run) refers to logger.o(i.logger_close) for logger_close
    main.o(i.do_run) refers to main.o(.data) for frame_count
    main.o(i.do_run) refers to lsm303.o(.data) for magacc
    main.o(i.do_run) refers to main.o(.bss) for jitter_buffer
    main.o(i.do_run) refers to system_stm32f10x.o(.data) for SystemCoreClock
    main.o(i.frame_to_jb) refers to jitter_buffer.o(i.jb_push) for jb_push
    main.o(i.frame_to_jb) refers to lsm303.o(.data) for magacc
    main.o(i.frame_to_jb) refers to lpry.o(.bss) for gyro
    main.o(i.frame_to_jb) refers to lps001.o(.data) for pressure
    main.o(i.frame_to_jb) refers to main.o(.bss) for jitter_buffer
    main.o(i.frame_to_jb) refers to main.o(.data) for mode
    main.o(i.led_init) refers to stm32f10x_rcc.o(i.RCC_APB2PeriphClockCmd) for RCC_APB2PeriphClockCmd
    main.o(i.led_init) refers to main.o(i.led_clr) for led_clr
    main.o(i.led_init) refers to stm32f10x_gpio.o(i.GPIO_StructInit) for GPIO_StructInit
    main.o(i.led_init) refers to stm32f10x_gpio.o(i.GPIO_Init) for GPIO_Init
    main.o(i.lv_shutdown) refers to main.o(.data) for mode
    main.o(i.main) refers to stm32f10x_rcc.o(i.RCC_APB2PeriphClockCmd) for RCC_APB2PeriphClockCmd
    main.o(i.main) refers to stm32f10x_rcc.o(i.RCC_APB1PeriphClockCmd) for RCC_APB1PeriphClockCmd
    main.o(i.main) refers to exti.o(i.exti_init) for exti_init
    main.o(i.main) refers to button.o(i.button_init) for button_init
    main.o(i.main) refers to rtc.o(i.rtc_init) for rtc_init
    main.o(i.main) refers to lsm303.o(i.lsm303_init) for lsm303_init
    main.o(i.main) refers to lpry.o(i.lpry_init) for lpry_init
    main.o(i.main) refers to main.o(i.led_init) for led_init
    main.o(i.main) refers to lps001.o(i.lps_init) for lps_init
    main.o(i.main) refers to stm32f10x_dbgmcu.o(i.DBGMCU_Config) for DBGMCU_Config
[...]
    i.SDIO_ITConfig                          0x0800195c   Section        0  stm32f10x_sdio.o(i.SDIO_ITConfig)
    i.SDIO_Init                              0x0800197c   Section        0  stm32f10x_sdio.o(i.SDIO_Init)
    i.SDIO_ReadData                          0x080019ac   Section        0  stm32f10x_sdio.o(i.SDIO_ReadData)
    i.SDIO_SendCommand                       0x080019b8   Section        0  stm32f10x_sdio.o(i.SDIO_SendCommand)
    i.SDIO_SetPowerState                     0x080019e4   Section        0  stm32f10x_sdio.o(i.SDIO_SetPowerState)
    i.SD_Detect                              0x08001a00   Section        0  sdio.o(i.SD_Detect)
    i.SD_EnableWideBusOperation              0x08001a04   Section        0  sdio.o(i.SD_EnableWideBusOperation)
    i.SD_GetCardInfo                         0x08001a98   Section        0  sdio.o(i.SD_GetCardInfo)
    i.SD_GetState                            0x08001d90   Section        0  sdio.o(i.SD_GetState)
    i.SD_GetStatus                           0x08001db6   Section        0  sdio.o(i.SD_GetStatus)
    i.SD_Init                                0x08001dd4   Section        0  sdio.o(i.SD_Init)
    i.SD_InitializeCards                     0x08001e44   Section        0  sdio.o(i.SD_InitializeCards)
    i.SD_LowLevel_DMA_RxConfig               0x08001f80   Section        0  sdio_ll.o(i.SD_LowLevel_DMA_RxConfig)
    i.SD_LowLevel_DMA_TxConfig               0x08001fe4   Section        0  sdio_ll.o(i.SD_LowLevel_DMA_TxConfig)
    i.SD_LowLevel_Init                       0x08002048   Section        0  sdio_ll.o(i.SD_LowLevel_Init)
    i.SD_PowerON                             0x080020bc   Section        0  sdio.o(i.SD_PowerON)
    i.SD_ProcessIRQSrc                       0x08002244   Section        0  sdio.o(i.SD_ProcessIRQSrc)
    i.SD_ReadBlock                           0x0800229c   Section        0  sdio.o(i.SD_ReadBlock)
    i.SD_ReadMultiBlocks                     0x080023c8   Section        0  sdio.o(i.SD_ReadMultiBlocks)
    i.SD_SelectDeselect                      0x080024b0   Section        0  sdio.o(i.SD_SelectDeselect)
    i.SD_SendStatus                          0x080024e4   Section        0  sdio.o(i.SD_SendStatus)
    i.SD_Wait                                0x0800251c   Section        0  sdio.o(i.SD_Wait)
    i.SD_WriteBlock                          0x0800254c   Section        0  sdio.o(i.SD_WriteBlock)
    i.SD_WriteMultiBlocks                    0x080025fc   Section        0  sdio.o(i.SD_WriteMultiBlocks)
    i.SVC_Handler                            0x08002714   Section        0  stm32f10x_it.o(i.SVC_Handler)
    i.SetSysClock                            0x08002716   Section        0  system_stm32f10x.o(i.SetSysClock)
    SetSysClock                              0x08002717   Thumb Code     8  system_stm32f10x.o(i.SetSysClock)
    i.SetSysClockTo24                        0x08002720   Section        0  system_stm32f10x.o(i.SetSysClockTo24)
    SetSysClockTo24                          0x08002721   Thumb Code   184  system_stm32f10x.o(i.SetSysClockTo24)
    i.SysTick_Config                         0x080027e0   Section        0  main.o(i.SysTick_Config)
    SysTick_Config                           0x080027e1   Thumb Code    76  main.o(i.SysTick_Config)
    i.SysTick_Handler                        0x08002834   Section        0  main.o(i.SysTick_Handler)
    i.SystemCoreClockUpdate                  0x080028d4   Section        0  system_stm32f10x.o(i.SystemCoreClockUpdate)
    i.SystemInit                             0x08002978   Section        0  system_stm32f10x.o(i.SystemInit)
    i.TIM2_IRQHandler                        0x080029d8   Section        0  button.o(i.TIM2_IRQHandler)
    i.TIM_ClearITPendingBit                  0x08002a44   Section        0  stm32f10x_tim.o(i.TIM_ClearITPendingBit)
    i.TIM_Cmd                                0x08002a4a   Section        0  stm32f10x_tim.o(i.TIM_Cmd)
    i.TIM_GetITStatus                        0x08002a62   Section        0  stm32f10x_tim.o(i.TIM_GetITStatus)
    i.TIM_ITConfig                           0x08002a84   Section        0  stm32f10x_tim.o(i.TIM_ITConfig)
    i.TIM_PrescalerConfig                    0x08002a96   Section        0  stm32f10x_tim.o(i.TIM_PrescalerConfig)
    i.TIM_TimeBaseInit                       0x08002a9c   Section        0  stm32f10x_tim.o(i.TIM_TimeBaseInit)
    i.USBWakeUp_IRQHandler                   0x08002b40   Section        0  exti.o(i.USBWakeUp_IRQHandler)
    i.UsageFault_Handler                     0x08002b4a   Section        0  stm32f10x_it.o(i.UsageFault_Handler)
    i.__scatterload_copy                     0x08002b4e   Section       14  handlers.o(i.__scatterload_copy)
    i.__scatterload_null                     0x08002b5c   Section        2  handlers.o(i.__scatterload_null)
    i.__scatterload_zeroinit                 0x08002b5e   Section       14  handlers.o(i.__scatterload_zeroinit)
    i.arm_mat_mult_f32                       0x08002b6c   Section        0  arm_mat_mult_f32.o(i.arm_mat_mult_f32)
    i.arm_mean_f32                           0x08002c9e   Section        0  arm_mean_f32.o(i.arm_mean_f32)
    i.button_check_press                     0x08002d0c   Section        0  button.o(i.button_check_press)
    i.button_init                            0x08002d24   Section        0  button.o(i.button_init)
    i.button_isr                             0x08002de4   Section        0  button.o(i.button_isr)
    button_isr                               0x08002de5   Thumb Code   106  button.o(i.button_isr)
    i.button_set_off                         0x08002e5c   Section        0  button.o(i.button_set_off)
    button_set_off                           0x08002e5d   Thumb Code    32  button.o(i.button_set_off)
    i.button_set_on                          0x08002e84   Section        0  button.o(i.button_set_on)
    button_set_on                            0x08002e85   Thumb Code    32  button.o(i.button_set_on)
    i.button_start_timer                     0x08002eac   Section        0  button.o(i.button_start_timer)
    button_start_timer                       0x08002ead   Thumb Code    42  button.o(i.button_start_timer)
    i.check_fs                               0x08002edc   Section        0  ff.o(i.check_fs)
    check_fs                                 0x08002edd   Thumb Code   138  ff.o(i.check_fs)
    i.chk_chr                                0x08002f6c   Section        0  ff.o(i.chk_chr)
    chk_chr                                  0x08002f6d   Thumb Code    20  ff.o(i.chk_chr)
    i.chk_mounted                            0x08002f80   Section        0  ff.o(i.chk_mounted)
    chk_mounted                              0x08002f81   Thumb Code   898  ff.o(i.chk_mounted)
    i.clust2sect                             0x08003314   Section        0  ff.o(i.clust2sect)
    i.convert_from_bytes_to_power_of_two     0x0800332e   Section        0  sdio.o(i.convert_from_bytes_to_power_of_two)
    i.copy_dsp_buffer                        0x08003340   Section        0  logger.o(i.copy_dsp_buffer)
    i.create_chain                           0x08003384   Section        0  ff.o(i.create_chain)
    create_chain                             0x08003385   Thumb Code   202  ff.o(i.create_chain)
    i.create_name                            0x08003450   Section        0  ff.o(i.create_name)
    create_name                              0x08003451   Thumb Code   266  ff.o(i.create_name)
    i.dir_find                               0x08003570   Section        0  ff.o(i.dir_find)
    dir_find                                 0x08003571   Thumb Code    92  ff.o(i.dir_find)
    i.dir_next                               0x080035cc   Section        0  ff.o(i.dir_next)
    dir_next                                 0x080035cd   Thumb Code   276  ff.o(i.dir_next)
    i.dir_read                               0x080036e0   Section        0  ff.o(i.dir_read)
    dir_read                                 0x080036e1   Thumb Code    86  ff.o(i.dir_read)
    i.dir_register                           0x08003736   Section        0  ff.o(i.dir_register)
    dir_register                             0x08003737   Thumb Code   110  ff.o(i.dir_register)
    i.dir_remove                             0x080037a4   Section        0  ff.o(i.dir_remove)
    dir_remove                               0x080037a5   Thumb Code    44  ff.o(i.dir_remove)
    i.dir_sdi                                0x080037d0   Section        0  ff.o(i.dir_sdi)
    dir_sdi                                  0x080037d1   Thumb Code   156  ff.o(i.dir_sdi)
    i.disk_initialize                        0x0800386c   Section        0  fs_hal.o(i.disk_initialize)
    i.disk_ioctl                             0x0800388c   Section        0  fs_hal.o(i.disk_ioctl)
    i.disk_read                              0x080038ca   Section        0  fs_hal.o(i.disk_read)
    i.disk_status                            0x0800391c   Section        0  fs_hal.o(i.disk_status)
    i.disk_write                             0x08003930   Section        0  fs_hal.o(i.disk_write)
    i.do_error                               0x08003980   Section        0  main.o(i.do_error)
    do_error                                 0x08003981   Thumb Code    90  main.o(i.do_error)
    i.do_init                                0x080039e8   Section        0  main.o(i.do_init)
    do_init                                  0x080039e9   Thumb Code    82  main.o(i.do_init)
    i.do_run                                 0x08003a48   Section        0  main.o(i.do_run)
    do_run                                   0x08003a49   Thumb Code   290  main.o(i.do_run)
    i.exti_config                            0x08003b9c   Section        0  exti.o(i.exti_config)
    i.exti_init                              0x08003c48   Section        0  exti.o(i.exti_init)
    i.exti_register_handler                  0x08003ce0   Section        0  exti.o(i.exti_register_handler)
    i.exti_run_isr                           0x08003d00   Section        0  exti.o(i.exti_run_isr)
    exti_run_isr                             0x08003d01   Thumb Code    52  exti.o(i.exti_run_isr)
    i.f_close                                0x08003d3c   Section        0  ff.o(i.f_close)
    i.f_lseek                                0x08003d52   Section        0  ff.o(i.f_lseek)
    i.f_mount                                0x08003f04   Section        0  ff.o(i.f_mount)
    i.f_open                                 0x08003f30   Section        0  ff.o(i.f_open)
    i.f_stat                                 0x08004098   Section        0  ff.o(i.f_stat)
    i.f_sync                                 0x080040d2   Section        0  ff.o(i.f_sync)
    i.f_unlink                               0x08004188   Section        0  ff.o(i.f_unlink)
    i.f_write                                0x0800423a   Section        0  ff.o(i.f_write)
    i.follow_path                            0x08004446   Section        0  ff.o(i.follow_path)
    follow_path                              0x08004447   Thumb Code   158  ff.o(i.follow_path)
    i.frame_to_jb                            0x080044e4   Section        0  main.o(i.frame_to_jb)
    i.get_fat                                0x0800454c   Section        0  ff.o(i.get_fat)
    i.get_fattime                            0x08004630   Section        0  fs_hal.o(i.get_fattime)
    i.get_fileinfo                           0x0800466e   Section        0  ff.o(i.get_fileinfo)
    get_fileinfo                             0x0800466f   Thumb Code   152  ff.o(i.get_fileinfo)
    i.i2c_check_evt                          0x08004706   Section        0  i2c.o(i.i2c_check_evt)
    i.i2c_init                               0x08004718   Section        0  i2c.o(i.i2c_init)
    i.i2c_isr_err                            0x08004820   Section        0  i2c.o(i.i2c_isr_err)
    i.i2c_isr_evt                            0x08004846   Section        0  i2c.o(i.i2c_isr_evt)
    i.i2c_mk_transfer                        0x08004882   Section        0  i2c.o(i.i2c_mk_transfer)
    i.i2c_next_xfer                          0x0800489c   Section        0  i2c.o(i.i2c_next_xfer)
    i.i2c_read_buffer                        0x080048c8   Section        0  i2c.o(i.i2c_read_buffer)
    i.i2c_read_byte                          0x08004906   Section        0  i2c.o(i.i2c_read_byte)
    i.i2c_read_isr_evt                       0x08004924   Section        0  i2c.o(i.i2c_read_isr_evt)
    i.i2c_run_xfer                           0x08004a4c   Section        0  i2c.o(i.i2c_run_xfer)
    i.i2c_transfer                           0x08004a90   Section        0  i2c.o(i.i2c_transfer)
    i.i2c_write_buffer                       0x08004ac4   Section        0  i2c.o(i.i2c_write_buffer)
    i.i2c_write_byte                         0x08004b02   Section        0  i2c.o(i.i2c_write_byte)
    i.i2c_write_isr_err                      0x08004b20   Section        0  i2c.o(i.i2c_write_isr_err)
    i.i2c_write_isr_evt                      0x08004b7c   Section        0  i2c.o(i.i2c_write_isr_evt)
    i.jb_copy                                0x08004c38   Section        0  jitter_buffer.o(i.jb_copy)
    i.jb_init                                0x08004c54   Section        0  jitter_buffer.o(i.jb_init)
    i.jb_pop                                 0x08004c7a   Section        0  jitter_buffer.o(i.jb_pop)
    i.jb_push                                0x08004cca   Section        0  jitter_buffer.o(i.jb_push)
    i.led_clr                                0x08004d1c   Section        0  main.o(i.led_clr)
    i.led_init                               0x08004d2c   Section        0  main.o(i.led_init)
    i.led_init                               0x08004d5c   Section        0  logger.o(i.led_init)
    led_init                                 0x08004d5d   Thumb Code    44  logger.o(i.led_init)
    i.led_off                                0x08004d8c   Section        0  logger.o(i.led_off)
    led_off                                  0x08004d8d   Thumb Code     8  logger.o(i.led_off)
    i.led_on                                 0x08004d98   Section        0  logger.o(i.led_on)
    led_on                                   0x08004d99   Thumb Code     8  logger.o(i.led_on)
    i.led_set                                0x08004da4   Section        0  main.o(i.led_set)
    i.logger_calc_cycle_len                  0x08004db4   Section        0  logger.o(i.logger_calc_cycle_len)
    logger_calc_cycle_len                    0x08004db5   Thumb Code   162  logger.o(i.logger_calc_cycle_len)
    i.logger_close                           0x08004e64   Section        0  logger.o(i.logger_close)
    i.logger_init                            0x08004ea4   Section        0  logger.o(i.logger_init)
    i.logger_is_open                         0x080050a0   Section        0  logger.o(i.logger_is_open)
    i.logger_read_devid                      0x080050ac   Section        0  logger.o(i.logger_read_devid)
    i.logger_space_left                      0x080050e4   Section        0  logger.o(i.logger_space_left)
    logger_space_left                        0x080050e5   Thumb Code    12  logger.o(i.logger_space_left)
    i.logger_sync                            0x080050f8   Section        0  logger.o(i.logger_sync)
    i.logger_update                          0x080051e8   Section        0  logger.o(i.logger_update)
    i.lpry_init                              0x0800540c   Section        0  lpry.o(i.lpry_init)
    i.lpry_power_off                         0x0800557c   Section        0  lpry.o(i.lpry_power_off)
    i.lpry_power_on                          0x0800558c   Section        0  lpry.o(i.lpry_power_on)
    i.lpry_read                              0x0800559c   Section        0  lpry.o(i.lpry_read)
    i.lpry_self_test_off                     0x080055d4   Section        0  lpry.o(i.lpry_self_test_off)
    i.lpry_update                            0x080055e4   Section        0  lpry.o(i.lpry_update)
    i.lpry_xfer_complete                     0x08005660   Section        0  lpry.o(i.lpry_xfer_complete)
    i.lps_init                               0x08005674   Section        0  lps001.o(i.lps_init)
    i.lps_read                               0x080056b8   Section        0  lps001.o(i.lps_read)
    i.lps_set_pm                             0x080056e0   Section        0  lps001.o(i.lps_set_pm)
    i.lps_update                             0x08005704   Section        0  lps001.o(i.lps_update)
    i.lps_xfer_complete                      0x0800576c   Section        0  lps001.o(i.lps_xfer_complete)
    i.lsm303_acc_xfer_complete               0x08005780   Section        0  lsm303.o(i.lsm303_acc_xfer_complete)
    i.lsm303_init                            0x08005788   Section        0  lsm303.o(i.lsm303_init)
    i.lsm303_int_disable                     0x080058fc   Section        0  lsm303.o(i.lsm303_int_disable)
    i.lsm303_mag_xfer_complete               0x08005930   Section        0  lsm303.o(i.lsm303_mag_xfer_complete)
    i.lsm303_read_acc                        0x08005938   Section        0  lsm303.o(i.lsm303_read_acc)
    i.lsm303_read_mag                        0x0800595e   Section        0  lsm303.o(i.lsm303_read_mag)
    i.lsm303_set_pm                          0x08005984   Section        0  lsm303.o(i.lsm303_set_pm)
    i.lsm303_update_acc                      0x080059a8   Section        0  lsm303.o(i.lsm303_update_acc)
    i.lsm303_update_mag                      0x08005a84   Section        0  lsm303.o(i.lsm303_update_mag)
    i.lv_shutdown                            0x08005b10   Section        0  main.o(i.lv_shutdown)
    lv_shutdown                              0x08005b11   Thumb Code     8  main.o(i.lv_shutdown)
    i.main                                   0x08005b1c   Section        0  main.o(i.main)
    i.mem_cmp                                0x08005c5c   Section        0  ff.o(i.mem_cmp)
    mem_cmp                                  0x08005c5d   Thumb Code    38  ff.o(i.mem_cmp)
    i.mem_cpy                                0x08005c82   Section        0  ff.o(i.mem_cpy)
    mem_cpy                                  0x08005c83   Thumb Code    26  ff.o(i.mem_cpy)
    i.mem_set                                0x08005c9c   Section        0  ff.o(i.mem_set)
    mem_set                                  0x08005c9d   Thumb Code    20  ff.o(i.mem_set)
    i.move_window                            0x08005cb0   Section        0  ff.o(i.move_window)
    move_window                              0x08005cb1   Thumb Code   114  ff.o(i.move_window)
    i.put_fat                                0x08005d22   Section        0  ff.o(i.put_fat)
    i.remove_chain                           0x08005e5e   Section        0  ff.o(i.remove_chain)
    remove_chain                             0x08005e5f   Thumb Code   104  ff.o(i.remove_chain)
    i.rtc_dt2ts                              0x08005ec8   Section        0  rtc.o(i.rtc_dt2ts)
    i.rtc_get_datetime                       0x08005f78   Section        0  rtc.o(i.rtc_get_datetime)
    i.rtc_init                               0x08005f8c   Section        0  rtc.o(i.rtc_init)
    i.rtc_set_datetime                       0x08005ff0   Section        0  rtc.o(i.rtc_set_datetime)
    i.rtc_set_time                           0x08006002   Section        0  rtc.o(i.rtc_set_time)
    i.rtc_ts2dt                              0x08006018   Section        0  rtc.o(i.rtc_ts2dt)
    i.sync                                   0x080060f4   Section        0  ff.o(i.sync)
    sync                                     0x080060f5   Thumb Code   202  ff.o(i.sync)
    i.validate                               0x080061be   Section        0  ff.o(i.validate)
    validate                                 0x080061bf   Thumb Code    42  ff.o(i.validate)
    i.wait_for_release                       0x080061e8   Section        0  button.o(i.wait_for_release)
    .constdata                               0x080061f8   Section       40  i2c.o(.constdata)
    i2c1_config                              0x080061f8   Data          20  i2c.o(.constdata)
    i2c2_config                              0x0800620c   Data          20  i2c.o(.constdata)
    .constdata                               0x08006220   Section      316  lsm303.o(.constdata)
    inemos                                   0x08006220   Data         240  lsm303.o(.constdata)
    acc_scale                                0x08006310   Data          12  lsm303.o(.constdata)
    mag_scale_xy                             0x0800631c   Data          32  lsm303.o(.constdata)
    mag_scale_z                              0x0800633c   Data          32  lsm303.o(.constdata)
    .constdata                               0x0800635c   Section        8  rtc.o(.constdata)
    initial_datetime                         0x0800635c   Data           8  rtc.o(.constdata)
    .constdata                               0x08006364   Section      128  ff.o(.constdata)
    excvt                                    0x08006364   Data         128  ff.o(.constdata)
    .data                                    0x20000000   Section       25  main.o(.data)
    tick                                     0x20000000   Data           4  main.o(.data)
    frame_count                              0x20000004   Data           4  main.o(.data)
    averagex                                 0x20000008   Data           4  main.o(.data)
    averagey                                 0x2000000c   Data           4  main.o(.data)
    averagez                                 0x20000010   Data           4  main.o(.data)
    dsp_count                                0x20000014   Data           4  main.o(.data)
    mode                                     0x20000018   Data           1  main.o(.data)
    .data                                    0x2000001c   Section       32  i2c.o(.data)
    .data                                    0x2000003c   Section      156  lsm303.o(.data)
    mat_a                                    0x200000c0   Data           8  lsm303.o(.data)
    mat_b                                    0x200000c8   Data           8  lsm303.o(.data)
    mat_c                                    0x200000d0   Data           8  lsm303.o(.data)
    .data                                    0x200000d8   Section        4  fs_hal.o(.data)
    is_init                                  0x200000d8   Data           4  fs_hal.o(.data)
    .data                                    0x200000dc   Section      140  logger.o(.data)
    log_header                               0x200000dc   Data          48  logger.o(.data)
    char_owais                               0x2000010c   Data          26  logger.o(.data)
    is_open                                  0x20000128   Data           4  logger.o(.data)
    dsp_write_flag                           0x2000012c   Data           4  logger.o(.data)
    frameset_header                          0x20000140   Data           4  logger.o(.data)
    frame_count                              0x20000144   Data           4  logger.o(.data)
    frame_cycle_count                        0x20000148   Data           4  logger.o(.data)
    write_ptr                                0x2000014c   Data           4  logger.o(.data)
    write_len                                0x20000150   Data           4  logger.o(.data)
    write_len_owais                          0x20000154   Data           4  logger.o(.data)
    res                                      0x20000158   Data           1  logger.o(.data)
    res_owais                                0x20000159   Data           1  logger.o(.data)
    cycle_len                                0x2000015c   Data           4  logger.o(.data)
    cycle_lcm                                0x20000160   Data           4  logger.o(.data)
    num_pages                                0x20000164   Data           4  logger.o(.data)
    .data                                    0x20000168   Section        8  button.o(.data)
    has_been_pressed                         0x20000168   Data           4  button.o(.data)
    button_state                             0x2000016c   Data           1  button.o(.data)
    button_tmr_prescaler                     0x2000016e   Data           2  button.o(.data)
    .data                                    0x20000170   Section       36  lps001.o(.data)
    .data                                    0x20000194   Section       12  rtc.o(.data)
    days_in_month                            0x20000194   Data          12  rtc.o(.data)
    .data                                    0x200001a0   Section       20  sdio.o(.data)
    CardType                                 0x200001a0   Data           4  sdio.o(.data)
    RCA                                      0x200001a4   Data           4  sdio.o(.data)
    .data                                    0x200001b4   Section       20  stm32f10x_rcc.o(.data)
    APBAHBPrescTable                         0x200001b4   Data          16  stm32f10x_rcc.o(.data)
    ADCPrescTable                            0x200001c4   Data           4  stm32f10x_rcc.o(.data)
    .data                                    0x200001c8   Section       20  system_stm32f10x.o(.data)
    .data                                    0x200001dc   Section        6  ff.o(.data)
    FatFs                                    0x200001dc   Data           4  ff.o(.data)
    Fsid                                     0x200001e0   Data           2  ff.o(.data)
    .bss                                     0x200001e4   Section    15296  main.o(.bss)
    dsp_buffer_x                             0x200001e4   Data        1000  main.o(.bss)
    dsp_buffer_y                             0x200005cc   Data        1000  main.o(.bss)
    dsp_buffer_z                             0x200009b4   Data        1000  main.o(.bss)
    jitter_buffer                            0x20000d9c   Data       12296  main.o(.bss)
    .bss                                     0x20003da4   Section    37468  logger.o(.bss)
    write_buffer                             0x20003da4   Data       32768  logger.o(.bss)
    filename                                 0x2000bda4   Data          32  logger.o(.bss)
    fs                                       0x2000bdc4   Data         560  logger.o(.bss)
    file                                     0x2000bff4   Data         548  logger.o(.bss)
    file_owais                               0x2000c218   Data         548  logger.o(.bss)
    log_dspx_buffer                          0x2000c43c   Data        1000  logger.o(.bss)
    log_dspy_buffer                          0x2000c824   Data        1000  logger.o(.bss)
    log_dspz_buffer                          0x2000cc0c   Data        1000  logger.o(.bss)
    averagexyz                               0x2000cff4   Data          12  logger.o(.bss)
    .bss                                     0x2000d000   Section       24  lpry.o(.bss)
    .bss                                     0x2000d018   Section      196  sdio.o(.bss)
    CSD_Tab                                  0x2000d018   Data          16  sdio.o(.bss)
    CID_Tab                                  0x2000d028   Data          16  sdio.o(.bss)
    SDSTATUS_Tab                             0x2000d038   Data          16  sdio.o(.bss)
    .bss                                     0x2000d0dc   Section      304  exti.o(.bss)
    handlers                                 0x2000d0dc   Data         304  exti.o(.bss)
    STACK                                    0x2000d210   Section     1024  startup_stm32f10x_hd.o(STACK)

    Global Symbols

    Symbol Name                              Value     Ov Type        Size  Object(Section)

    BuildAttributes$$THM_ISAv4$P$D$K$B$S$PE$A:L22UL41UL21$X:L11$S22US41US21$IEEE1$IW$USESV6$~STKCKD$USESV7$~SHL$OTIME$ROPI$EBA8$MICROLIB$REQ8$PRES8$EABIv2 0x00000000   Number         0  anon$$obj.o ABSOLUTE
    __ARM_use_no_argv                        0x00000000   Number         0  main.o ABSOLUTE
    _clock_init                               - Undefined Weak Reference
    __Vectors_Size                           0x00000130   Number         0  startup_stm32f10x_hd.o ABSOLUTE
    __Vectors                                0x08000000   Data           4  startup_stm32f10x_hd.o(RESET)
    __Vectors_End                            0x08000130   Data           0  startup_stm32f10x_hd.o(RESET)
    __main                                   0x08000131   Thumb Code     0  entry.o(.ARM.Collect$$$$00000000)
    _main_stk                                0x08000131   Thumb Code     0  entry2.o(.ARM.Collect$$$$00000001)
    _main_scatterload                        0x08000135   Thumb Code     0  entry5.o(.ARM.Collect$$$$00000004)
    __main_after_scatterload                 0x08000139   Thumb Code     0  entry5.o(.ARM.Collect$$$$00000004)
    _main_clock                              0x08000139   Thumb Code     0  entry7b.o(.ARM.Collect$$$$00000008)
    _main_init                               0x08000139   Thumb Code     0  entry8.o(.ARM.Collect$$$$00000009)
    Reset_Handler                            0x08000145   Thumb Code     8  startup_stm32f10x_hd.o(.text)
    ADC1_2_IRQHandler                        0x0800015f   Thumb Code     0  startup_stm32f10x_hd.o(.text)
    ADC3_IRQHandler                          0x0800015f   Thumb Code     0  startup_stm32f10x_hd.o(.text)
    CAN1_RX1_IRQHandler                      0x0800015f   Thumb Code     0  startup_stm32f10x_hd.o(.text)
    CAN1_SCE_IRQHandler                      0x0800015f   Thumb Code     0  startup_stm32f10x_hd.o(.text)
    DMA1_Channel2_IRQHandler                 0x0800015f   Thumb Code     0  startup_stm32f10x_hd.o(.text)
    DMA1_Channel3_IRQHandler                 0x0800015f   Thumb Code     0  startup_stm32f10x_hd.o(.text)
    DMA1_Channel4_IRQHandler                 0x0800015f   Thumb Code     0  startup_stm32f10x_hd.o(.text)
    DMA1_Channel5_IRQHandler                 0x0800015f   Thumb Code     0  startup_stm32f10x_hd.o(.text)
    DMA1_Channel6_IRQHandler                 0x0800015f   Thumb Code     0  startup_stm32f10x_hd.o(.text)
    DMA1_Channel7_IRQHandler                 0x0800015f   Thumb Code     0  startup_stm32f10x_hd.o(.text)
    DMA2_Channel1_IRQHandler                 0x0800015f   Thumb Code     0  startup_stm32f10x_hd.o(.text)
    DMA2_Channel2_IRQHandler                 0x0800015f   Thumb Code     0  startup_stm32f10x_hd.o(.text)
    DMA2_Channel3_IRQHandler                 0x0800015f   Thumb Code     0  startup_stm32f10x_hd.o(.text)
    DMA2_Channel4_5_IRQHandler               0x0800015f   Thumb Code     0  startup_stm32f10x_hd.o(.text)
    FLASH_IRQHandler                         0x0800015f   Thumb Code     0  startup_stm32f10x_hd.o(.text)
    FSMC_IRQHandler                          0x0800015f   Thumb Code     0  startup_stm32f10x_hd.o(.text)
    RCC_IRQHandler                           0x0800015f   Thumb Code     0  startup_stm32f10x_hd.o(.text)
    RTCAlarm_IRQHandler                      0x0800015f   Thumb Code     0  startup_stm32f10x_hd.o(.text)
    SPI1_IRQHandler                          0x0800015f   Thumb Code     0  startup_stm32f10x_hd.o(.text)
    SPI2_IRQHandler                          0x0800015f   Thumb Code     0  startup_stm32f10x_hd.o(.text)
    SPI3_IRQHandler                          0x0800015f   Thumb Code     0  startup_stm32f10x_hd.o(.text)
    TAMPER_IRQHandler                        0x0800015f   Thumb Code     0  startup_stm32f10x_hd.o(.text)
    TIM1_BRK_IRQHandler                      0x0800015f   Thumb Code     0  startup_stm32f10x_hd.o(.text)
    TIM1_CC_IRQHandler                       0x0800015f   Thumb Code     0  startup_stm32f10x_hd.o(.text)
    TIM1_TRG_COM_IRQHandler                  0x0800015f   Thumb Code     0  startup_stm32f10x_hd.o(.text)
    TIM1_UP_IRQHandler                       0x0800015f   Thumb Code     0  startup_stm32f10x_hd.o(.text)
    TIM3_IRQHandler                          0x0800015f   Thumb Code     0  startup_stm32f10x_hd.o(.text)
    TIM4_IRQHandler                          0x0800015f   Thumb Code     0  startup_stm32f10x_hd.o(.text)
    TIM5_IRQHandler                          0x0800015f   Thumb Code     0  startup_stm32f10x_hd.o(.text)
    TIM6_IRQHandler                          0x0800015f   Thumb Code     0  startup_stm32f10x_hd.o(.text)
    TIM7_IRQHandler                          0x0800015f   Thumb Code     0  startup_stm32f10x_hd.o(.text)
    TIM8_BRK_IRQHandler                      0x0800015f   Thumb Code     0  startup_stm32f10x_hd.o(.text)
    TIM8_CC_IRQHandler                       0x0800015f   Thumb Code     0  startup_stm32f10x_hd.o(.text)
    TIM8_TRG_COM_IRQHandler                  0x0800015f   Thumb Code     0  startup_stm32f10x_hd.o(.text)
    TIM8_UP_IRQHandler                       0x0800015f   Thumb Code     0  startup_stm32f10x_hd.o(.text)
    UART4_IRQHandler                         0x0800015f   Thumb Code     0  startup_stm32f10x_hd.o(.text)
    UART5_IRQHandler                         0x0800015f   Thumb Code     0  startup_stm32f10x_hd.o(.text)
    USART1_IRQHandler                        0x0800015f   Thumb Code     0  startup_stm32f10x_hd.o(.text)
    USART2_IRQHandler                        0x0800015f   Thumb Code     0  startup_stm32f10x_hd.o(.text)
    USART3_IRQHandler                        0x0800015f   Thumb Code     0  startup_stm32f10x_hd.o(.text)
    USB_HP_CAN1_TX_IRQHandler                0x0800015f   Thumb Code     0  startup_stm32f10x_hd.o(.text)
    USB_LP_CAN1_RX0_IRQHandler               0x0800015f   Thumb Code     0  startup_stm32f10x_hd.o(.text)
    WWDG_IRQHandler                          0x0800015f   Thumb Code     0  startup_stm32f10x_hd.o(.text)
    __aeabi_fadd                             0x08000169   Thumb Code   164  fadd.o(.text)
    __aeabi_fsub                             0x0800020d   Thumb Code     6  fadd.o(.text)
    __aeabi_frsub                            0x08000213   Thumb Code     6  fadd.o(.text)
    __aeabi_fmul                             0x08000219   Thumb Code   108  fmul.o(.text)
    __aeabi_fdiv                             0x08000285   Thumb Code   128  fdiv.o(.text)
    __aeabi_dmul                             0x08000305   Thumb Code   228  dmul.o(.text)
    __aeabi_ddiv                             0x080003e9   Thumb Code   222  ddiv.o(.text)
    __aeabi_i2f                              0x080004c7   Thumb Code    18  fflti.o(.text)
    __aeabi_ui2f                             0x080004d9   Thumb Code    10  ffltui.o(.text)
    __aeabi_i2d                              0x080004e3   Thumb Code    34  dflti.o(.text)
    __aeabi_d2f                              0x08000505   Thumb Code    56  d2f.o(.text)
    __I$use$fp                               0x0800053d   Thumb Code     0  iusefp.o(.text)
    _float_round                             0x0800053d   Thumb Code    18  fepilogue.o(.text)
    _float_epilogue                          0x0800054f   Thumb Code    90  fepilogue.o(.text)
    _double_round                            0x080005a9   Thumb Code    26  depilogue.o(.text)
    _double_epilogue                         0x080005c3   Thumb Code   164  depilogue.o(.text)
    __scatterload                            0x08000669   Thumb Code    28  init.o(.text)
    __scatterload_rt2                        0x08000669   Thumb Code     0  init.o(.text)
    __aeabi_llsl                             0x0800068d   Thumb Code    30  llshl.o(.text)
    _ll_shift_l                              0x0800068d   Thumb Code     0  llshl.o(.text)
    __aeabi_llsr                             0x080006ab   Thumb Code    32  llushr.o(.text)
    _ll_ushift_r                             0x080006ab   Thumb Code     0  llushr.o(.text)
    __decompress                             0x080006cb   Thumb Code     0  __dczerorl2.o(.text)
    __decompress1                            0x080006cb   Thumb Code    92  __dczerorl2.o(.text)
    ADC_Cmd                                  0x08000727   Thumb Code    22  stm32f10x_adc.o(i.ADC_Cmd)
    ADC_DMACmd                               0x0800073d   Thumb Code    22  stm32f10x_adc.o(i.ADC_DMACmd)
    ADC_GetCalibrationStatus                 0x08000753   Thumb Code    20  stm32f10x_adc.o(i.ADC_GetCalibrationStatus)
    ADC_GetResetCalibrationStatus            0x08000767   Thumb Code    20  stm32f10x_adc.o(i.ADC_GetResetCalibrationStatus)
    ADC_Init                                 0x0800077d   Thumb Code    70  stm32f10x_adc.o(i.ADC_Init)
    ADC_RegularChannelConfig                 0x080007cd   Thumb Code   184  stm32f10x_adc.o(i.ADC_RegularChannelConfig)
    ADC_ResetCalibration                     0x08000885   Thumb Code    10  stm32f10x_adc.o(i.ADC_ResetCalibration)
    ADC_SoftwareStartConvCmd                 0x0800088f   Thumb Code    22  stm32f10x_adc.o(i.ADC_SoftwareStartConvCmd)
    ADC_StartCalibration                     0x080008a5   Thumb Code    10  stm32f10x_adc.o(i.ADC_StartCalibration)
    BKP_DeInit                               0x080008af   Thumb Code    16  stm32f10x_bkp.o(i.BKP_DeInit)
    BusFault_Handler                         0x080008bf   Thumb Code     4  stm32f10x_it.o(i.BusFault_Handler)
    DBGMCU_Config                            0x08000a81   Thumb Code    26  stm32f10x_dbgmcu.o(i.DBGMCU_Config)
    DMA1_Channel1_IRQHandler                 0x08000aa1   Thumb Code    80  lpry.o(i.DMA1_Channel1_IRQHandler)
    DMA_ClearFlag                            0x08000af9   Thumb Code    18  stm32f10x_dma.o(i.DMA_ClearFlag)
    DMA_Cmd                                  0x08000b15   Thumb Code    24  stm32f10x_dma.o(i.DMA_Cmd)
    DMA_DeInit                               0x08000b2d   Thumb Code   324  stm32f10x_dma.o(i.DMA_DeInit)
    DMA_GetFlagStatus                        0x08000c79   Thumb Code    34  stm32f10x_dma.o(i.DMA_GetFlagStatus)
    DMA_ITConfig                             0x08000ca5   Thumb Code    18  stm32f10x_dma.o(i.DMA_ITConfig)
    DMA_Init                                 0x08000cb7   Thumb Code    60  stm32f10x_dma.o(i.DMA_Init)
    DebugMon_Handler                         0x08000cf3   Thumb Code     2  stm32f10x_it.o(i.DebugMon_Handler)
    EXTI0_IRQHandler                         0x08000cf5   Thumb Code    10  exti.o(i.EXTI0_IRQHandler)
    EXTI15_10_IRQHandler                     0x08000d01   Thumb Code    80  exti.o(i.EXTI15_10_IRQHandler)
    EXTI1_IRQHandler                         0x08000d55   Thumb Code    10  exti.o(i.EXTI1_IRQHandler)
    EXTI2_IRQHandler                         0x08000d5f   Thumb Code    10  exti.o(i.EXTI2_IRQHandler)
    EXTI3_IRQHandler                         0x08000d69   Thumb Code    10  exti.o(i.EXTI3_IRQHandler)
    EXTI4_IRQHandler                         0x08000d73   Thumb Code    10  exti.o(i.EXTI4_IRQHandler)
    EXTI9_5_IRQHandler                       0x08000d7d   Thumb Code    68  exti.o(i.EXTI9_5_IRQHandler)
    EXTI_Init                                0x08000dc5   Thumb Code   142  stm32f10x_exti.o(i.EXTI_Init)
    GPIO_EXTILineConfig                      0x08000fe9   Thumb Code    60  stm32f10x_gpio.o(i.GPIO_EXTILineConfig)
    GPIO_Init                                0x08001029   Thumb Code   274  stm32f10x_gpio.o(i.GPIO_Init)
    GPIO_StructInit                          0x0800113b   Thumb Code    16  stm32f10x_gpio.o(i.GPIO_StructInit)
    HardFault_Handler                        0x0800114b   Thumb Code     4  stm32f10x_it.o(i.HardFault_Handler)
    I2C1_ER_IRQHandler                       0x08001151   Thumb Code    10  i2c.o(i.I2C1_ER_IRQHandler)
    I2C1_EV_IRQHandler                       0x08001161   Thumb Code    10  i2c.o(i.I2C1_EV_IRQHandler)
    I2C2_ER_IRQHandler                       0x08001171   Thumb Code    10  i2c.o(i.I2C2_ER_IRQHandler)
    I2C2_EV_IRQHandler                       0x08001181   Thumb Code    10  i2c.o(i.I2C2_EV_IRQHandler)
    I2C_AcknowledgeConfig                    0x08001191   Thumb Code    24  stm32f10x_i2c.o(i.I2C_AcknowledgeConfig)
    I2C_Cmd                                  0x080011a9   Thumb Code    24  stm32f10x_i2c.o(i.I2C_Cmd)
    I2C_GenerateSTART                        0x080011c1   Thumb Code    24  stm32f10x_i2c.o(i.I2C_GenerateSTART)
    I2C_GenerateSTOP                         0x080011d9   Thumb Code    24  stm32f10x_i2c.o(i.I2C_GenerateSTOP)
    I2C_GetFlagStatus                        0x080011f1   Thumb Code    42  stm32f10x_i2c.o(i.I2C_GetFlagStatus)
    I2C_GetLastEvent                         0x0800121b   Thumb Code    26  stm32f10x_i2c.o(i.I2C_GetLastEvent)
    I2C_ITConfig                             0x08001235   Thumb Code    18  stm32f10x_i2c.o(i.I2C_ITConfig)
    I2C_Init                                 0x08001249   Thumb Code   222  stm32f10x_i2c.o(i.I2C_Init)
    I2C_ReceiveData                          0x08001335   Thumb Code     8  stm32f10x_i2c.o(i.I2C_ReceiveData)
    I2C_Send7bitAddress                      0x0800133d   Thumb Code    18  stm32f10x_i2c.o(i.I2C_Send7bitAddress)
    I2C_SendData                             0x0800134f   Thumb Code     4  stm32f10x_i2c.o(i.I2C_SendData)
    I2C_StructInit                           0x08001353   Thumb Code    30  stm32f10x_i2c.o(i.I2C_StructInit)
    MemManage_Handler                        0x08001371   Thumb Code     4  stm32f10x_it.o(i.MemManage_Handler)
    NMI_Handler                              0x08001375   Thumb Code     2  stm32f10x_it.o(i.NMI_Handler)
    NVIC_Init                                0x08001379   Thumb Code   102  misc.o(i.NVIC_Init)
    PVD_IRQHandler                           0x080013ed   Thumb Code    10  exti.o(i.PVD_IRQHandler)
    PWR_BackupAccessCmd                      0x080013f9   Thumb Code     6  stm32f10x_pwr.o(i.PWR_BackupAccessCmd)
    PWR_ClearFlag                            0x08001405   Thumb Code    14  stm32f10x_pwr.o(i.PWR_ClearFlag)
    PWR_EnterSTOPMode                        0x08001419   Thumb Code    54  stm32f10x_pwr.o(i.PWR_EnterSTOPMode)
    PWR_GetFlagStatus                        0x08001459   Thumb Code    20  stm32f10x_pwr.o(i.PWR_GetFlagStatus)
    PWR_PVDCmd                               0x08001471   Thumb Code     6  stm32f10x_pwr.o(i.PWR_PVDCmd)
    PWR_PVDLevelConfig                       0x0800147d   Thumb Code    18  stm32f10x_pwr.o(i.PWR_PVDLevelConfig)
    PendSV_Handler                           0x08001495   Thumb Code     2  stm32f10x_it.o(i.PendSV_Handler)
    RCC_ADCCLKConfig                         0x08001499   Thumb Code    18  stm32f10x_rcc.o(i.RCC_ADCCLKConfig)
    RCC_AHBPeriphClockCmd                    0x080014b1   Thumb Code    26  stm32f10x_rcc.o(i.RCC_AHBPeriphClockCmd)
    RCC_APB1PeriphClockCmd                   0x080014d1   Thumb Code    26  stm32f10x_rcc.o(i.RCC_APB1PeriphClockCmd)
    RCC_APB1PeriphResetCmd                   0x080014f1   Thumb Code    26  stm32f10x_rcc.o(i.RCC_APB1PeriphResetCmd)
    RCC_APB2PeriphClockCmd                   0x08001511   Thumb Code    26  stm32f10x_rcc.o(i.RCC_APB2PeriphClockCmd)
    RCC_BackupResetCmd                       0x08001531   Thumb Code     6  stm32f10x_rcc.o(i.RCC_BackupResetCmd)
    RCC_GetClocksFreq                        0x0800153d   Thumb Code   192  stm32f10x_rcc.o(i.RCC_GetClocksFreq)
    RCC_GetFlagStatus                        0x08001611   Thumb Code    56  stm32f10x_rcc.o(i.RCC_GetFlagStatus)
    RCC_LSEConfig                            0x0800164d   Thumb Code    44  stm32f10x_rcc.o(i.RCC_LSEConfig)
    RCC_RTCCLKCmd                            0x08001681   Thumb Code     6  stm32f10x_rcc.o(i.RCC_RTCCLKCmd)
    RCC_RTCCLKConfig                         0x0800168d   Thumb Code    12  stm32f10x_rcc.o(i.RCC_RTCCLKConfig)
    RTC_EnterConfigMode                      0x0800169d   Thumb Code    14  stm32f10x_rtc.o(i.RTC_EnterConfigMode)
    RTC_ExitConfigMode                       0x080016b1   Thumb Code    16  stm32f10x_rtc.o(i.RTC_ExitConfigMode)
    RTC_GetCounter                           0x080016c5   Thumb Code    16  stm32f10x_rtc.o(i.RTC_GetCounter)
    RTC_IRQHandler                           0x080016d9   Thumb Code    10  exti.o(i.RTC_IRQHandler)
    RTC_ITConfig                             0x080016e5   Thumb Code    26  stm32f10x_rtc.o(i.RTC_ITConfig)
    RTC_SetCounter                           0x08001705   Thumb Code    24  stm32f10x_rtc.o(i.RTC_SetCounter)
    RTC_SetPrescaler                         0x08001721   Thumb Code    26  stm32f10x_rtc.o(i.RTC_SetPrescaler)
    RTC_WaitForLastTask                      0x08001741   Thumb Code    14  stm32f10x_rtc.o(i.RTC_WaitForLastTask)
    RTC_WaitForSynchro                       0x08001755   Thumb Code    28  stm32f10x_rtc.o(i.RTC_WaitForSynchro)
    SDIO_ClearFlag                           0x0800188d   Thumb Code     6  stm32f10x_sdio.o(i.SDIO_ClearFlag)
    SDIO_ClearITPendingBit                   0x08001899   Thumb Code     6  stm32f10x_sdio.o(i.SDIO_ClearITPendingBit)
    SDIO_ClockCmd                            0x080018a5   Thumb Code     6  stm32f10x_sdio.o(i.SDIO_ClockCmd)
    SDIO_DMACmd                              0x080018b1   Thumb Code     6  stm32f10x_sdio.o(i.SDIO_DMACmd)
    SDIO_DataConfig                          0x080018bd   Thumb Code    42  stm32f10x_sdio.o(i.SDIO_DataConfig)
    SDIO_DeInit                              0x080018ed   Thumb Code    28  stm32f10x_sdio.o(i.SDIO_DeInit)
    SDIO_GetCommandResponse                  0x08001911   Thumb Code     8  stm32f10x_sdio.o(i.SDIO_GetCommandResponse)
    SDIO_GetFlagStatus                       0x0800191d   Thumb Code    20  stm32f10x_sdio.o(i.SDIO_GetFlagStatus)
    SDIO_GetPowerState                       0x08001935   Thumb Code    10  stm32f10x_sdio.o(i.SDIO_GetPowerState)
    SDIO_GetResponse                         0x08001945   Thumb Code    12  stm32f10x_sdio.o(i.SDIO_GetResponse)
    SDIO_IRQHandler                          0x08001955   Thumb Code     8  sdio_ll.o(i.SDIO_IRQHandler)
    SDIO_ITConfig                            0x0800195d   Thumb Code    26  stm32f10x_sdio.o(i.SDIO_ITConfig)
    SDIO_Init                                0x0800197d   Thumb Code    42  stm32f10x_sdio.o(i.SDIO_Init)
    SDIO_ReadData                            0x080019ad   Thumb Code     6  stm32f10x_sdio.o(i.SDIO_ReadData)
    SDIO_SendCommand                         0x080019b9   Thumb Code    38  stm32f10x_sdio.o(i.SDIO_SendCommand)
    SDIO_SetPowerState                       0x080019e5   Thumb Code    22  stm32f10x_sdio.o(i.SDIO_SetPowerState)
    SD_Detect                                0x08001a01   Thumb Code     4  sdio.o(i.SD_Detect)
    SD_EnableWideBusOperation                0x08001a05   Thumb Code   140  sdio.o(i.SD_EnableWideBusOperation)
    SD_GetCardInfo                           0x08001a99   Thumb Code   742  sdio.o(i.SD_GetCardInfo)
    SD_GetState                              0x08001d91   Thumb Code    38  sdio.o(i.SD_GetState)
    SD_GetStatus                             0x08001db7   Thumb Code    30  sdio.o(i.SD_GetStatus)
    SD_Init                                  0x08001dd5   Thumb Code   102  sdio.o(i.SD_Init)
    SD_InitializeCards                       0x08001e45   Thumb Code   294  sdio.o(i.SD_InitializeCards)
    SD_LowLevel_DMA_RxConfig                 0x08001f81   Thumb Code    86  sdio_ll.o(i.SD_LowLevel_DMA_RxConfig)
    SD_LowLevel_DMA_TxConfig                 0x08001fe5   Thumb Code    86  sdio_ll.o(i.SD_LowLevel_DMA_TxConfig)
    SD_LowLevel_Init                         0x08002049   Thumb Code   106  sdio_ll.o(i.SD_LowLevel_Init)
    SD_PowerON                               0x080020bd   Thumb Code   374  sdio.o(i.SD_PowerON)
    SD_ProcessIRQSrc                         0x08002245   Thumb Code    70  sdio.o(i.SD_ProcessIRQSrc)
    SD_ReadBlock                             0x0800229d   Thumb Code   272  sdio.o(i.SD_ReadBlock)
    SD_ReadMultiBlocks                       0x080023c9   Thumb Code   202  sdio.o(i.SD_ReadMultiBlocks)
    SD_SelectDeselect                        0x080024b1   Thumb Code    48  sdio.o(i.SD_SelectDeselect)
    SD_SendStatus                            0x080024e5   Thumb Code    46  sdio.o(i.SD_SendStatus)
    SD_Wait                                  0x0800251d   Thumb Code    38  sdio.o(i.SD_Wait)
    SD_WriteBlock                            0x0800254d   Thumb Code   146  sdio.o(i.SD_WriteBlock)
    SD_WriteMultiBlocks                      0x080025fd   Thumb Code   248  sdio.o(i.SD_WriteMultiBlocks)
    SVC_Handler                              0x08002715   Thumb Code     2  stm32f10x_it.o(i.SVC_Handler)
    SysTick_Handler                          0x08002835   Thumb Code   142  main.o(i.SysTick_Handler)
    SystemCoreClockUpdate                    0x080028d5   Thumb Code   142  system_stm32f10x.o(i.SystemCoreClockUpdate)
    SystemInit                               0x08002979   Thumb Code    78  system_stm32f10x.o(i.SystemInit)
    TIM2_IRQHandler                          0x080029d9   Thumb Code    94  button.o(i.TIM2_IRQHandler)
    TIM_ClearITPendingBit                    0x08002a45   Thumb Code     6  stm32f10x_tim.o(i.TIM_ClearITPendingBit)
    TIM_Cmd                                  0x08002a4b   Thumb Code    24  stm32f10x_tim.o(i.TIM_Cmd)
    TIM_GetITStatus                          0x08002a63   Thumb Code    34  stm32f10x_tim.o(i.TIM_GetITStatus)
    TIM_ITConfig                             0x08002a85   Thumb Code    18  stm32f10x_tim.o(i.TIM_ITConfig)
    TIM_PrescalerConfig                      0x08002a97   Thumb Code     6  stm32f10x_tim.o(i.TIM_PrescalerConfig)
    TIM_TimeBaseInit                         0x08002a9d   Thumb Code   122  stm32f10x_tim.o(i.TIM_TimeBaseInit)
    USBWakeUp_IRQHandler                     0x08002b41   Thumb Code    10  exti.o(i.USBWakeUp_IRQHandler)
    UsageFault_Handler                       0x08002b4b   Thumb Code     4  stm32f10x_it.o(i.UsageFault_Handler)
    __scatterload_copy                       0x08002b4f   Thumb Code    14  handlers.o(i.__scatterload_copy)
    __scatterload_null                       0x08002b5d   Thumb Code     2  handlers.o(i.__scatterload_null)
    __scatterload_zeroinit                   0x08002b5f   Thumb Code    14  handlers.o(i.__scatterload_zeroinit)
    arm_mat_mult_f32                         0x08002b6d   Thumb Code   306  arm_mat_mult_f32.o(i.arm_mat_mult_f32)
    arm_mean_f32                             0x08002c9f   Thumb Code   108  arm_mean_f32.o(i.arm_mean_f32)
    button_check_press                       0x08002d0d   Thumb Code    20  button.o(i.button_check_press)
    button_init                              0x08002d25   Thumb Code   180  button.o(i.button_init)
    clust2sect                               0x08003315   Thumb Code    26  ff.o(i.clust2sect)
    convert_from_bytes_to_power_of_two       0x0800332f   Thumb Code    18  sdio.o(i.convert_from_bytes_to_power_of_two)
    copy_dsp_buffer                          0x08003341   Thumb Code    52  logger.o(i.copy_dsp_buffer)
    disk_initialize                          0x0800386d   Thumb Code    28  fs_hal.o(i.disk_initialize)
    disk_ioctl                               0x0800388d   Thumb Code    62  fs_hal.o(i.disk_ioctl)
    disk_read                                0x080038cb   Thumb Code    80  fs_hal.o(i.disk_read)
    disk_status                              0x0800391d   Thumb Code    16  fs_hal.o(i.disk_status)
    disk_write                               0x08003931   Thumb Code    80  fs_hal.o(i.disk_write)
    exti_config                              0x08003b9d   Thumb Code   160  exti.o(i.exti_config)
    exti_init                                0x08003c49   Thumb Code   148  exti.o(i.exti_init)
    exti_register_handler                    0x08003ce1   Thumb Code    28  exti.o(i.exti_register_handler)
    f_close                                  0x08003d3d   Thumb Code    22  ff.o(i.f_close)
    f_lseek                                  0x08003d53   Thumb Code   432  ff.o(i.f_lseek)
    f_mount                                  0x08003f05   Thumb Code    38  ff.o(i.f_mount)
    f_open                                   0x08003f31   Thumb Code   360  ff.o(i.f_open)
    f_stat                                   0x08004099   Thumb Code    58  ff.o(i.f_stat)
    f_sync                                   0x080040d3   Thumb Code   182  ff.o(i.f_sync)
    f_unlink                                 0x08004189   Thumb Code   178  ff.o(i.f_unlink)
    f_write                                  0x0800423b   Thumb Code   524  ff.o(i.f_write)
    frame_to_jb                              0x080044e5   Thumb Code    84  main.o(i.frame_to_jb)
    get_fat                                  0x0800454d   Thumb Code   228  ff.o(i.get_fat)
    get_fattime                              0x08004631   Thumb Code    62  fs_hal.o(i.get_fattime)
    i2c_check_evt                            0x08004707   Thumb Code    18  i2c.o(i.i2c_check_evt)
    i2c_init                                 0x08004719   Thumb Code   258  i2c.o(i.i2c_init)
    i2c_isr_err                              0x08004821   Thumb Code    38  i2c.o(i.i2c_isr_err)
    i2c_isr_evt                              0x08004847   Thumb Code    60  i2c.o(i.i2c_isr_evt)
    i2c_mk_transfer                          0x08004883   Thumb Code    26  i2c.o(i.i2c_mk_transfer)
    i2c_next_xfer                            0x0800489d   Thumb Code    44  i2c.o(i.i2c_next_xfer)
    i2c_read_buffer                          0x080048c9   Thumb Code    62  i2c.o(i.i2c_read_buffer)
    i2c_read_byte                            0x08004907   Thumb Code    30  i2c.o(i.i2c_read_byte)
    i2c_read_isr_evt                         0x08004925   Thumb Code   286  i2c.o(i.i2c_read_isr_evt)
    i2c_run_xfer                             0x08004a4d   Thumb Code    68  i2c.o(i.i2c_run_xfer)
    i2c_transfer                             0x08004a91   Thumb Code    52  i2c.o(i.i2c_transfer)
    i2c_write_buffer                         0x08004ac5   Thumb Code    62  i2c.o(i.i2c_write_buffer)
    i2c_write_byte                           0x08004b03   Thumb Code    30  i2c.o(i.i2c_write_byte)
    i2c_write_isr_err                        0x08004b21   Thumb Code    92  i2c.o(i.i2c_write_isr_err)
    i2c_write_isr_evt                        0x08004b7d   Thumb Code   176  i2c.o(i.i2c_write_isr_evt)
    jb_copy                                  0x08004c39   Thumb Code    28  jitter_buffer.o(i.jb_copy)
    jb_init                                  0x08004c55   Thumb Code    38  jitter_buffer.o(i.jb_init)
    jb_pop                                   0x08004c7b   Thumb Code    80  jitter_buffer.o(i.jb_pop)
    jb_push                                  0x08004ccb   Thumb Code    80  jitter_buffer.o(i.jb_push)
    led_clr                                  0x08004d1d   Thumb Code    10  main.o(i.led_clr)
    led_init                                 0x08004d2d   Thumb Code    42  main.o(i.led_init)
    led_set                                  0x08004da5   Thumb Code    10  main.o(i.led_set)
    logger_close                             0x08004e65   Thumb Code    42  logger.o(i.logger_close)
    logger_init                              0x08004ea5   Thumb Code   436  logger.o(i.logger_init)
    logger_is_open                           0x080050a1   Thumb Code     6  logger.o(i.logger_is_open)
    logger_read_devid                        0x080050ad   Thumb Code    52  logger.o(i.logger_read_devid)
    logger_sync                              0x080050f9   Thumb Code   200  logger.o(i.logger_sync)
    logger_update                            0x080051e9   Thumb Code   468  logger.o(i.logger_update)
    lpry_init                                0x0800540d   Thumb Code   348  lpry.o(i.lpry_init)
    lpry_power_off                           0x0800557d   Thumb Code    10  lpry.o(i.lpry_power_off)
    lpry_power_on                            0x0800558d   Thumb Code    10  lpry.o(i.lpry_power_on)
    lpry_read                                0x0800559d   Thumb Code    42  lpry.o(i.lpry_read)
    lpry_self_test_off                       0x080055d5   Thumb Code    10  lpry.o(i.lpry_self_test_off)
    lpry_update                              0x080055e5   Thumb Code   106  lpry.o(i.lpry_update)
    lpry_xfer_complete                       0x08005661   Thumb Code    14  lpry.o(i.lpry_xfer_complete)
    lps_init                                 0x08005675   Thumb Code    60  lps001.o(i.lps_init)
    lps_read                                 0x080056b9   Thumb Code    36  lps001.o(i.lps_read)
    lps_set_pm                               0x080056e1   Thumb Code    30  lps001.o(i.lps_set_pm)
    lps_update                               0x08005705   Thumb Code    92  lps001.o(i.lps_update)
    lps_xfer_complete                        0x0800576d   Thumb Code    14  lps001.o(i.lps_xfer_complete)
    lsm303_acc_xfer_complete                 0x08005781   Thumb Code     8  lsm303.o(i.lsm303_acc_xfer_complete)
    lsm303_init                              0x08005789   Thumb Code   350  lsm303.o(i.lsm303_init)
    lsm303_int_disable                       0x080058fd   Thumb Code    48  lsm303.o(i.lsm303_int_disable)
    lsm303_mag_xfer_complete                 0x08005931   Thumb Code     8  lsm303.o(i.lsm303_mag_xfer_complete)
    lsm303_read_acc                          0x08005939   Thumb Code    38  lsm303.o(i.lsm303_read_acc)
    lsm303_read_mag                          0x0800595f   Thumb Code    38  lsm303.o(i.lsm303_read_mag)
    lsm303_set_pm                            0x08005985   Thumb Code    36  lsm303.o(i.lsm303_set_pm)
    lsm303_update_acc                        0x080059a9   Thumb Code   204  lsm303.o(i.lsm303_update_acc)
    lsm303_update_mag                        0x08005a85   Thumb Code   132  lsm303.o(i.lsm303_update_mag)
    main                                     0x08005b1d   Thumb Code   304  main.o(i.main)
    put_fat                                  0x08005d23   Thumb Code   316  ff.o(i.put_fat)
    rtc_dt2ts                                0x08005ec9   Thumb Code   170  rtc.o(i.rtc_dt2ts)
    rtc_get_datetime                         0x08005f79   Thumb Code    20  rtc.o(i.rtc_get_datetime)
    rtc_init                                 0x08005f8d   Thumb Code    94  rtc.o(i.rtc_init)
    rtc_set_datetime                         0x08005ff1   Thumb Code    18  rtc.o(i.rtc_set_datetime)
    rtc_set_time                             0x08006003   Thumb Code    20  rtc.o(i.rtc_set_time)
    rtc_ts2dt                                0x08006019   Thumb Code   202  rtc.o(i.rtc_ts2dt)
    wait_for_release                         0x080061e9   Thumb Code    12  button.o(i.wait_for_release)
    Region$$Table$$Base                      0x080063e4   Number         0  anon$$obj.o(Region$$Table)
    Region$$Table$$Limit                     0x08006404   Number         0  anon$$obj.o(Region$$Table)
    i2c1                                     0x2000001c   Data          16  i2c.o(.data)
    i2c2                                     0x2000002c   Data          16  i2c.o(.data)
    magacc                                   0x2000003c   Data         132  lsm303.o(.data)
    test                                     0x20000130   Data          16  logger.o(.data)
    pressure                                 0x20000170   Data          36  lps001.o(.data)
    StopCondition                            0x200001a8   Data           4  sdio.o(.data)
    TransferError                            0x200001ac   Data           1  sdio.o(.data)
    TransferEnd                              0x200001b0   Data           4  sdio.o(.data)
    SystemCoreClock                          0x200001c8   Data           4  system_stm32f10x.o(.data)
    AHBPrescTable                            0x200001cc   Data          16  system_stm32f10x.o(.data)
    gyro                                     0x2000d000   Data          24  lpry.o(.bss)
    SDCardInfo                               0x2000d048   Data          80  sdio.o(.bss)
    SDIO_InitStructure                       0x2000d098   Data          24  sdio.o(.bss)
    SDIO_CmdInitStructure                    0x2000d0b0   Data          20  sdio.o(.bss)
    SDIO_DataInitStructure                   0x2000d0c4   Data          24  sdio.o(.bss)
    __initial_sp                             0x2000d610   Data           0  startup_stm32f10x_hd.o(STACK)



==============================================================================

Memory Map of the image

  Image Entry point : 0x08000131

  Load Region LR_IROM1 (Base: 0x08000000, Size: 0x000065e8, Max: 0x00080000, ABSOLUTE, COMPRESSED[0x0000648c])

    Execution Region ER_IROM1 (Base: 0x08000000, Size: 0x00006404, Max: 0x00080000, ABSOLUTE)

    Base Addr    Size         Type   Attr      Idx    E Section Name        Object

    0x08000000   0x00000130   Data   RO         3397    RESET               startup_stm32f10x_hd.o
    0x08000130   0x00000000   Code   RO         3682  * .ARM.Collect$$$$00000000  mc_w.l(entry.o)
    0x08000130   0x00000004   Code   RO         3705    .ARM.Collect$$$$00000001  mc_w.l(entry2.o)
    0x08000134   0x00000004   Code   RO         3708    .ARM.Collect$$$$00000004  mc_w.l(entry5.o)
    0x08000138   0x00000000   Code   RO         3710    .ARM.Collect$$$$00000008  mc_w.l(entry7b.o)
    0x08000138   0x00000008   Code   RO         3711    .ARM.Collect$$$$00000009  mc_w.l(entry8.o)
    0x08000140   0x00000004   Code   RO         3706    .ARM.Collect$$$$00002712  mc_w.l(entry2.o)
    0x08000144   0x00000024   Code   RO         3398    .text               startup_stm32f10x_hd.o
    0x08000168   0x000000b0   Code   RO         3685    .text               mf_w.l(fadd.o)
    0x08000218   0x0000006c   Code   RO         3687    .text               mf_w.l(fmul.o)
    0x08000284   0x00000080   Code   RO         3689    .text               mf_w.l(fdiv.o)
    0x08000304   0x000000e4   Code   RO         3691    .text               mf_w.l(dmul.o)
    0x080003e8   0x000000de   Code   RO         3693    .text               mf_w.l(ddiv.o)
    0x080004c6   0x00000012   Code   RO         3695    .text               mf_w.l(fflti.o)
    0x080004d8   0x0000000a   Code   RO         3697    .text               mf_w.l(ffltui.o)
    0x080004e2   0x00000022   Code   RO         3699    .text               mf_w.l(dflti.o)
    0x08000504   0x00000038   Code   RO         3701    .text               mf_w.l(d2f.o)
    0x0800053c   0x00000000   Code   RO         3712    .text               mc_w.l(iusefp.o)
    0x0800053c   0x0000006c   Code   RO         3713    .text               mf_w.l(fepilogue.o)
    0x080005a8   0x000000be   Code   RO         3715    .text               mf_w.l(depilogue.o)
    0x08000666   0x00000002   PAD
    0x08000668   0x00000024   Code   RO         3717    .text               mc_w.l(init.o)
    0x0800068c   0x0000001e   Code   RO         3719    .text               mc_w.l(llshl.o)
    0x080006aa   0x00000020   Code   RO         3721    .text               mc_w.l(llushr.o)
    0x080006ca   0x0000005c   Code   RO         3731    .text               mc_w.l(__dczerorl2.o)
    0x08000726   0x00000016   Code   RO         2308    i.ADC_Cmd           stm32f10x_adc.o
    0x0800073c   0x00000016   Code   RO         2309    i.ADC_DMACmd        stm32f10x_adc.o
    0x08000752   0x00000014   Code   RO         2316    i.ADC_GetCalibrationStatus  stm32f10x_adc.o
    0x08000766   0x00000014   Code   RO         2322    i.ADC_GetResetCalibrationStatus  stm32f10x_adc.o
    0x0800077a   0x00000002   PAD
    0x0800077c   0x00000050   Code   RO         2326    i.ADC_Init          stm32f10x_adc.o
    0x080007cc   0x000000b8   Code   RO         2330    i.ADC_RegularChannelConfig  stm32f10x_adc.o
    0x08000884   0x0000000a   Code   RO         2331    i.ADC_ResetCalibration  stm32f10x_adc.o
    0x0800088e   0x00000016   Code   RO         2333    i.ADC_SoftwareStartConvCmd  stm32f10x_adc.o
    0x080008a4   0x0000000a   Code   RO         2335    i.ADC_StartCalibration  stm32f10x_adc.o
    0x080008ae   0x00000010   Code   RO         2530    i.BKP_DeInit        stm32f10x_bkp.o
    0x080008be   0x00000004   Code   RO            2    i.BusFault_Handler  stm32f10x_it.o
    0x080008c2   0x0000002c   Code   RO         1035    i.CmdError          sdio.o
    0x080008ee   0x00000002   PAD
    0x080008f0   0x00000028   Code   RO         1036    i.CmdResp1Error     sdio.o
    0x08000918   0x00000048   Code   RO         1037    i.CmdResp2Error     sdio.o
    0x08000960   0x00000038   Code   RO         1038    i.CmdResp3Error     sdio.o
    0x08000998   0x0000009c   Code   RO         1039    i.CmdResp6Error     sdio.o
    0x08000a34   0x0000004c   Code   RO         1040    i.CmdResp7Error     sdio.o
    0x08000a80   0x00000020   Code   RO         2610    i.DBGMCU_Config     stm32f10x_dbgmcu.o
    0x08000aa0   0x00000058   Code   RO          858    i.DMA1_Channel1_IRQHandler  lpry.o
    0x08000af8   0x0000001c   Code   RO         2018    i.DMA_ClearFlag     stm32f10x_dma.o
    0x08000b14   0x00000018   Code   RO         2020    i.DMA_Cmd           stm32f10x_dma.o
    0x08000b2c   0x0000014c   Code   RO         2021    i.DMA_DeInit        stm32f10x_dma.o
    0x08000c78   0x0000002c   Code   RO         2023    i.DMA_GetFlagStatus  stm32f10x_dma.o
    0x08000ca4   0x00000012   Code   RO         2025    i.DMA_ITConfig      stm32f10x_dma.o
    0x08000cb6   0x0000003c   Code   RO         2026    i.DMA_Init          stm32f10x_dma.o
    0x08000cf2   0x00000002   Code   RO            3    i.DebugMon_Handler  stm32f10x_it.o
    0x08000cf4   0x0000000a   Code   RO         1284    i.EXTI0_IRQHandler  exti.o
    0x08000cfe   0x00000002   PAD
    0x08000d00   0x00000054   Code   RO         1285    i.EXTI15_10_IRQHandler  exti.o
    0x08000d54   0x0000000a   Code   RO         1286    i.EXTI1_IRQHandler  exti.o
    0x08000d5e   0x0000000a   Code   RO         1287    i.EXTI2_IRQHandler  exti.o
    0x08000d68   0x0000000a   Code   RO         1288    i.EXTI3_IRQHandler  exti.o
    0x08000d72   0x0000000a   Code   RO         1289    i.EXTI4_IRQHandler  exti.o
    0x08000d7c   0x00000048   Code   RO         1290    i.EXTI9_5_IRQHandler  exti.o
    0x08000dc4   0x00000094   Code   RO         1776    i.EXTI_Init         stm32f10x_exti.o
    0x08000e58   0x00000190   Code   RO         1041    i.FindSCR           sdio.o
    0x08000fe8   0x00000040   Code   RO         1615    i.GPIO_EXTILineConfig  stm32f10x_gpio.o
    0x08001028   0x00000112   Code   RO         1618    i.GPIO_Init         stm32f10x_gpio.o
    0x0800113a   0x00000010   Code   RO         1627    i.GPIO_StructInit   stm32f10x_gpio.o
    0x0800114a   0x00000004   Code   RO            4    i.HardFault_Handler  stm32f10x_it.o
    0x0800114e   0x00000002   PAD
    0x08001150   0x00000010   Code   RO          285    i.I2C1_ER_IRQHandler  i2c.o
    0x08001160   0x00000010   Code   RO          286    i.I2C1_EV_IRQHandler  i2c.o
    0x08001170   0x00000010   Code   RO          287    i.I2C2_ER_IRQHandler  i2c.o
    0x08001180   0x00000010   Code   RO          288    i.I2C2_EV_IRQHandler  i2c.o
    0x08001190   0x00000018   Code   RO         2095    i.I2C_AcknowledgeConfig  stm32f10x_i2c.o
    0x080011a8   0x00000018   Code   RO         2100    i.I2C_Cmd           stm32f10x_i2c.o
    0x080011c0   0x00000018   Code   RO         2107    i.I2C_GenerateSTART  stm32f10x_i2c.o
    0x080011d8   0x00000018   Code   RO         2108    i.I2C_GenerateSTOP  stm32f10x_i2c.o
    0x080011f0   0x0000002a   Code   RO         2109    i.I2C_GetFlagStatus  stm32f10x_i2c.o
    0x0800121a   0x0000001a   Code   RO         2111    i.I2C_GetLastEvent  stm32f10x_i2c.o
    0x08001234   0x00000012   Code   RO         2113    i.I2C_ITConfig      stm32f10x_i2c.o
    0x08001246   0x00000002   PAD
    0x08001248   0x000000ec   Code   RO         2114    i.I2C_Init          stm32f10x_i2c.o
    0x08001334   0x00000008   Code   RO         2119    i.I2C_ReceiveData   stm32f10x_i2c.o
    0x0800133c   0x00000012   Code   RO         2121    i.I2C_Send7bitAddress  stm32f10x_i2c.o
    0x0800134e   0x00000004   Code   RO         2122    i.I2C_SendData      stm32f10x_i2c.o
    0x08001352   0x0000001e   Code   RO         2125    i.I2C_StructInit    stm32f10x_i2c.o
    0x08001370   0x00000004   Code   RO            5    i.MemManage_Handler  stm32f10x_it.o
    0x08001374   0x00000002   Code   RO            6    i.NMI_Handler       stm32f10x_it.o
    0x08001376   0x00000002   PAD
    0x08001378   0x00000074   Code   RO         1730    i.NVIC_Init         misc.o
    0x080013ec   0x0000000a   Code   RO         1291    i.PVD_IRQHandler    exti.o
    0x080013f6   0x00000002   PAD
    0x080013f8   0x0000000c   Code   RO         2638    i.PWR_BackupAccessCmd  stm32f10x_pwr.o
    0x08001404   0x00000014   Code   RO         2639    i.PWR_ClearFlag     stm32f10x_pwr.o
    0x08001418   0x00000040   Code   RO         2642    i.PWR_EnterSTOPMode  stm32f10x_pwr.o
    0x08001458   0x00000018   Code   RO         2643    i.PWR_GetFlagStatus  stm32f10x_pwr.o
    0x08001470   0x0000000c   Code   RO         2644    i.PWR_PVDCmd        stm32f10x_pwr.o
    0x0800147c   0x00000018   Code   RO         2645    i.PWR_PVDLevelConfig  stm32f10x_pwr.o
    0x08001494   0x00000002   Code   RO            7    i.PendSV_Handler    stm32f10x_it.o
    0x08001496   0x00000002   PAD
    0x08001498   0x00000018   Code   RO         1408    i.RCC_ADCCLKConfig  stm32f10x_rcc.o
    0x080014b0   0x00000020   Code   RO         1409    i.RCC_AHBPeriphClockCmd  stm32f10x_rcc.o
    0x080014d0   0x00000020   Code   RO         1410    i.RCC_APB1PeriphClockCmd  stm32f10x_rcc.o
    0x080014f0   0x00000020   Code   RO         1411    i.RCC_APB1PeriphResetCmd  stm32f10x_rcc.o
    0x08001510   0x00000020   Code   RO         1412    i.RCC_APB2PeriphClockCmd  stm32f10x_rcc.o
    0x08001530   0x0000000c   Code   RO         1415    i.RCC_BackupResetCmd  stm32f10x_rcc.o
    0x0800153c   0x000000d4   Code   RO         1420    i.RCC_GetClocksFreq  stm32f10x_rcc.o
    0x08001610   0x0000003c   Code   RO         1421    i.RCC_GetFlagStatus  stm32f10x_rcc.o
    0x0800164c   0x00000034   Code   RO         1428    i.RCC_LSEConfig     stm32f10x_rcc.o
    0x08001680   0x0000000c   Code   RO         1435    i.RCC_RTCCLKCmd     stm32f10x_rcc.o
    0x0800168c   0x00000010   Code   RO         1436    i.RCC_RTCCLKConfig  stm32f10x_rcc.o
    0x0800169c   0x00000014   Code   RO         2704    i.RTC_EnterConfigMode  stm32f10x_rtc.o
    0x080016b0   0x00000014   Code   RO         2705    i.RTC_ExitConfigMode  stm32f10x_rtc.o
    0x080016c4   0x00000014   Code   RO         2706    i.RTC_GetCounter    stm32f10x_rtc.o
    0x080016d8   0x0000000a   Code   RO         1292    i.RTC_IRQHandler    exti.o
    0x080016e2   0x00000002   PAD
    0x080016e4   0x00000020   Code   RO         2710    i.RTC_ITConfig      stm32f10x_rtc.o
    0x08001704   0x0000001c   Code   RO         2712    i.RTC_SetCounter    stm32f10x_rtc.o
    0x08001720   0x00000020   Code   RO         2713    i.RTC_SetPrescaler  stm32f10x_rtc.o
    0x08001740   0x00000014   Code   RO         2714    i.RTC_WaitForLastTask  stm32f10x_rtc.o
    0x08001754   0x00000020   Code   RO         2715    i.RTC_WaitForSynchro  stm32f10x_rtc.o
    0x08001774   0x00000118   Code   RO         1043    i.SDEnWideBus       sdio.o
    0x0800188c   0x0000000c   Code   RO         1829    i.SDIO_ClearFlag    stm32f10x_sdio.o
    0x08001898   0x0000000c   Code   RO         1830    i.SDIO_ClearITPendingBit  stm32f10x_sdio.o
    0x080018a4   0x0000000c   Code   RO         1831    i.SDIO_ClockCmd     stm32f10x_sdio.o
    0x080018b0   0x0000000c   Code   RO         1834    i.SDIO_DMACmd       stm32f10x_sdio.o
    0x080018bc   0x00000030   Code   RO         1835    i.SDIO_DataConfig   stm32f10x_sdio.o
    0x080018ec   0x00000024   Code   RO         1837    i.SDIO_DeInit       stm32f10x_sdio.o
    0x08001910   0x0000000c   Code   RO         1838    i.SDIO_GetCommandResponse  stm32f10x_sdio.o
    0x0800191c   0x00000018   Code   RO         1841    i.SDIO_GetFlagStatus  stm32f10x_sdio.o
    0x08001934   0x00000010   Code   RO         1843    i.SDIO_GetPowerState  stm32f10x_sdio.o
    0x08001944   0x00000010   Code   RO         1844    i.SDIO_GetResponse  stm32f10x_sdio.o
    0x08001954   0x00000008   Code   RO          594    i.SDIO_IRQHandler   sdio_ll.o
    0x0800195c   0x00000020   Code   RO         1845    i.SDIO_ITConfig     stm32f10x_sdio.o
    0x0800197c   0x00000030   Code   RO         1846    i.SDIO_Init         stm32f10x_sdio.o
    0x080019ac   0x0000000c   Code   RO         1847    i.SDIO_ReadData     stm32f10x_sdio.o
    0x080019b8   0x0000002c   Code   RO         1849    i.SDIO_SendCommand  stm32f10x_sdio.o
    0x080019e4   0x0000001c   Code   RO         1851    i.SDIO_SetPowerState  stm32f10x_sdio.o
    0x08001a00   0x00000004   Code   RO         1045    i.SD_Detect         sdio.o
    0x08001a04   0x00000094   Code   RO         1046    i.SD_EnableWideBusOperation  sdio.o
    0x08001a98   0x000002f8   Code   RO         1048    i.SD_GetCardInfo    sdio.o
    0x08001d90   0x00000026   Code   RO         1050    i.SD_GetState       sdio.o
    0x08001db6   0x0000001e   Code   RO         1051    i.SD_GetStatus      sdio.o
    0x08001dd4   0x00000070   Code   RO         1053    i.SD_Init           sdio.o
    0x08001e44   0x0000013c   Code   RO         1054    i.SD_InitializeCards  sdio.o
    0x08001f80   0x00000064   Code   RO          596    i.SD_LowLevel_DMA_RxConfig  sdio_ll.o
    0x08001fe4   0x00000064   Code   RO          597    i.SD_LowLevel_DMA_TxConfig  sdio_ll.o
    0x08002048   0x00000074   Code   RO          599    i.SD_LowLevel_Init  sdio_ll.o
    0x080020bc   0x00000188   Code   RO         1056    i.SD_PowerON        sdio.o
    0x08002244   0x00000058   Code   RO         1057    i.SD_ProcessIRQSrc  sdio.o
    0x0800229c   0x0000012c   Code   RO         1058    i.SD_ReadBlock      sdio.o
    0x080023c8   0x000000e8   Code   RO         1059    i.SD_ReadMultiBlocks  sdio.o
    0x080024b0   0x00000034   Code   RO         1060    i.SD_SelectDeselect  sdio.o
    0x080024e4   0x00000038   Code   RO         1062    i.SD_SendStatus     sdio.o
    0x0800251c   0x00000030   Code   RO         1064    i.SD_Wait           sdio.o
    0x0800254c   0x000000b0   Code   RO         1067    i.SD_WriteBlock     sdio.o
    0x080025fc   0x00000118   Code   RO         1068    i.SD_WriteMultiBlocks  sdio.o
    0x08002714   0x00000002   Code   RO            8    i.SVC_Handler       stm32f10x_it.o
    0x08002716   0x00000008   Code   RO         3358    i.SetSysClock       system_stm32f10x.o
    0x0800271e   0x00000002   PAD
    0x08002720   0x000000c0   Code   RO         3359    i.SetSysClockTo24   system_stm32f10x.o
    0x080027e0   0x00000054   Code   RO          158    i.SysTick_Config    main.o
    0x08002834   0x000000a0   Code   RO          159    i.SysTick_Handler   main.o
    0x080028d4   0x000000a4   Code   RO         3360    i.SystemCoreClockUpdate  system_stm32f10x.o
    0x08002978   0x00000060   Code   RO         3361    i.SystemInit        system_stm32f10x.o
    0x080029d8   0x0000006c   Code   RO          790    i.TIM2_IRQHandler   button.o
    0x08002a44   0x00000006   Code   RO         2807    i.TIM_ClearITPendingBit  stm32f10x_tim.o
    0x08002a4a   0x00000018   Code   RO         2812    i.TIM_Cmd           stm32f10x_tim.o
    0x08002a62   0x00000022   Code   RO         2833    i.TIM_GetITStatus   stm32f10x_tim.o
    0x08002a84   0x00000012   Code   RO         2837    i.TIM_ITConfig      stm32f10x_tim.o
    0x08002a96   0x00000006   Code   RO         2861    i.TIM_PrescalerConfig  stm32f10x_tim.o
    0x08002a9c   0x000000a4   Code   RO         2883    i.TIM_TimeBaseInit  stm32f10x_tim.o
    0x08002b40   0x0000000a   Code   RO         1293    i.USBWakeUp_IRQHandler  exti.o
    0x08002b4a   0x00000004   Code   RO            9    i.UsageFault_Handler  stm32f10x_it.o
    0x08002b4e   0x0000000e   Code   RO         3725    i.__scatterload_copy  mc_w.l(handlers.o)
    0x08002b5c   0x00000002   Code   RO         3726    i.__scatterload_null  mc_w.l(handlers.o)
    0x08002b5e   0x0000000e   Code   RO         3727    i.__scatterload_zeroinit  mc_w.l(handlers.o)
    0x08002b6c   0x00000132   Code   RO         3651    i.arm_mat_mult_f32  arm_mat_mult_f32.o
    0x08002c9e   0x0000006c   Code   RO         3667    i.arm_mean_f32      arm_mean_f32.o
    0x08002d0a   0x00000002   PAD
    0x08002d0c   0x00000018   Code   RO          791    i.button_check_press  button.o
    0x08002d24   0x000000c0   Code   RO          792    i.button_init       button.o
    0x08002de4   0x00000078   Code   RO          794    i.button_isr        button.o
    0x08002e5c   0x00000028   Code   RO          795    i.button_set_off    button.o
    0x08002e84   0x00000028   Code   RO          796    i.button_set_on     button.o
    0x08002eac   0x00000030   Code   RO          797    i.button_start_timer  button.o
    0x08002edc   0x00000090   Code   RO         3402    i.check_fs          ff.o
    0x08002f6c   0x00000014   Code   RO         3403    i.chk_chr           ff.o
    0x08002f80   0x00000394   Code   RO         3404    i.chk_mounted       ff.o
    0x08003314   0x0000001a   Code   RO         3405    i.clust2sect        ff.o
    0x0800332e   0x00000012   Code   RO         1069    i.convert_from_bytes_to_power_of_two  sdio.o
    0x08003340   0x00000044   Code   RO          700    i.copy_dsp_buffer   logger.o
    0x08003384   0x000000ca   Code   RO         3406    i.create_chain      ff.o
    0x0800344e   0x00000002   PAD
    0x08003450   0x00000120   Code   RO         3407    i.create_name       ff.o
    0x08003570   0x0000005c   Code   RO         3408    i.dir_find          ff.o
    0x080035cc   0x00000114   Code   RO         3409    i.dir_next          ff.o
    0x080036e0   0x00000056   Code   RO         3410    i.dir_read          ff.o
    0x08003736   0x0000006e   Code   RO         3411    i.dir_register      ff.o
    0x080037a4   0x0000002c   Code   RO         3412    i.dir_remove        ff.o
    0x080037d0   0x0000009c   Code   RO         3413    i.dir_sdi           ff.o
    0x0800386c   0x00000020   Code   RO          646    i.disk_initialize   fs_hal.o
    0x0800388c   0x0000003e   Code   RO          647    i.disk_ioctl        fs_hal.o
    0x080038ca   0x00000050   Code   RO          648    i.disk_read         fs_hal.o
    0x0800391a   0x00000002   PAD
    0x0800391c   0x00000014   Code   RO          649    i.disk_status       fs_hal.o
    0x08003930   0x00000050   Code   RO          650    i.disk_write        fs_hal.o
    0x08003980   0x00000068   Code   RO          160    i.do_error          main.o
    0x080039e8   0x00000060   Code   RO          161    i.do_init           main.o
    0x08003a48   0x00000154   Code   RO          162    i.do_run            main.o
    0x08003b9c   0x000000ac   Code   RO         1294    i.exti_config       exti.o
    0x08003c48   0x00000098   Code   RO         1295    i.exti_init         exti.o
    0x08003ce0   0x00000020   Code   RO         1296    i.exti_register_handler  exti.o
    0x08003d00   0x0000003c   Code   RO         1297    i.exti_run_isr      exti.o
    0x08003d3c   0x00000016   Code   RO         3415    i.f_close           ff.o
    0x08003d52   0x000001b0   Code   RO         3417    i.f_lseek           ff.o
    0x08003f02   0x00000002   PAD
    0x08003f04   0x0000002c   Code   RO         3419    i.f_mount           ff.o
    0x08003f30   0x00000168   Code   RO         3420    i.f_open            ff.o
    0x08004098   0x0000003a   Code   RO         3425    i.f_stat            ff.o
    0x080040d2   0x000000b6   Code   RO         3426    i.f_sync            ff.o
    0x08004188   0x000000b2   Code   RO         3428    i.f_unlink          ff.o
    0x0800423a   0x0000020c   Code   RO         3430    i.f_write           ff.o
    0x08004446   0x0000009e   Code   RO         3431    i.follow_path       ff.o
    0x080044e4   0x00000068   Code   RO          163    i.frame_to_jb       main.o
    0x0800454c   0x000000e4   Code   RO         3432    i.get_fat           ff.o
    0x08004630   0x0000003e   Code   RO          651    i.get_fattime       fs_hal.o
    0x0800466e   0x00000098   Code   RO         3433    i.get_fileinfo      ff.o
    0x08004706   0x00000012   Code   RO          397    i.i2c_check_evt     i2c.o
    0x08004718   0x00000108   Code   RO          289    i.i2c_init          i2c.o
    0x08004820   0x00000026   Code   RO          391    i.i2c_isr_err       i2c.o
    0x08004846   0x0000003c   Code   RO          385    i.i2c_isr_evt       i2c.o
    0x08004882   0x0000001a   Code   RO          361    i.i2c_mk_transfer   i2c.o
    0x0800489c   0x0000002c   Code   RO          367    i.i2c_next_xfer     i2c.o
    0x080048c8   0x0000003e   Code   RO          290    i.i2c_read_buffer   i2c.o
    0x08004906   0x0000001e   Code   RO          291    i.i2c_read_byte     i2c.o
    0x08004924   0x00000128   Code   RO          373    i.i2c_read_isr_evt  i2c.o
    0x08004a4c   0x00000044   Code   RO          355    i.i2c_run_xfer      i2c.o
    0x08004a90   0x00000034   Code   RO          292    i.i2c_transfer      i2c.o
    0x08004ac4   0x0000003e   Code   RO          293    i.i2c_write_buffer  i2c.o
    0x08004b02   0x0000001e   Code   RO          294    i.i2c_write_byte    i2c.o
    0x08004b20   0x0000005c   Code   RO          402    i.i2c_write_isr_err  i2c.o
    0x08004b7c   0x000000bc   Code   RO          379    i.i2c_write_isr_evt  i2c.o
    0x08004c38   0x0000001c   Code   RO         1250    i.jb_copy           jitter_buffer.o
    0x08004c54   0x00000026   Code   RO         1251    i.jb_init           jitter_buffer.o
    0x08004c7a   0x00000050   Code   RO         1252    i.jb_pop            jitter_buffer.o
    0x08004cca   0x00000050   Code   RO         1253    i.jb_push           jitter_buffer.o
    0x08004d1a   0x00000002   PAD
    0x08004d1c   0x00000010   Code   RO          164    i.led_clr           main.o
    0x08004d2c   0x00000030   Code   RO          165    i.led_init          main.o
    0x08004d5c   0x00000030   Code   RO          701    i.led_init          logger.o
    0x08004d8c   0x0000000c   Code   RO          702    i.led_off           logger.o
    0x08004d98   0x0000000c   Code   RO          703    i.led_on            logger.o
    0x08004da4   0x00000010   Code   RO          166    i.led_set           main.o
    0x08004db4   0x000000b0   Code   RO          704    i.logger_calc_cycle_len  logger.o
    0x08004e64   0x00000040   Code   RO          705    i.logger_close      logger.o
    0x08004ea4   0x000001fc   Code   RO          706    i.logger_init       logger.o
    0x080050a0   0x0000000c   Code   RO          708    i.logger_is_open    logger.o
    0x080050ac   0x00000038   Code   RO          709    i.logger_read_devid  logger.o
    0x080050e4   0x00000014   Code   RO          710    i.logger_space_left  logger.o
    0x080050f8   0x000000f0   Code   RO          711    i.logger_sync       logger.o
    0x080051e8   0x00000224   Code   RO          712    i.logger_update     logger.o
    0x0800540c   0x00000170   Code   RO          859    i.lpry_init         lpry.o
    0x0800557c   0x00000010   Code   RO          860    i.lpry_power_off    lpry.o
    0x0800558c   0x00000010   Code   RO          861    i.lpry_power_on     lpry.o
    0x0800559c   0x00000038   Code   RO          862    i.lpry_read         lpry.o
    0x080055d4   0x00000010   Code   RO          864    i.lpry_self_test_off  lpry.o
    0x080055e4   0x0000007c   Code   RO          866    i.lpry_update       lpry.o
    0x08005660   0x00000014   Code   RO          867    i.lpry_xfer_complete  lpry.o
    0x08005674   0x00000044   Code   RO          934    i.lps_init          lps001.o
    0x080056b8   0x00000028   Code   RO          935    i.lps_read          lps001.o
    0x080056e0   0x00000024   Code   RO          937    i.lps_set_pm        lps001.o
    0x08005704   0x00000068   Code   RO          938    i.lps_update        lps001.o
    0x0800576c   0x00000014   Code   RO          939    i.lps_xfer_complete  lps001.o
    0x08005780   0x00000008   Code   RO          423    i.lsm303_acc_xfer_complete  lsm303.o
    0x08005788   0x00000174   Code   RO          425    i.lsm303_init       lsm303.o
    0x080058fc   0x00000034   Code   RO          428    i.lsm303_int_disable  lsm303.o
    0x08005930   0x00000008   Code   RO          430    i.lsm303_mag_xfer_complete  lsm303.o
    0x08005938   0x00000026   Code   RO          432    i.lsm303_read_acc   lsm303.o
    0x0800595e   0x00000026   Code   RO          435    i.lsm303_read_mag   lsm303.o
    0x08005984   0x00000024   Code   RO          440    i.lsm303_set_pm     lsm303.o
    0x080059a8   0x000000dc   Code   RO          441    i.lsm303_update_acc  lsm303.o
    0x08005a84   0x0000008c   Code   RO          444    i.lsm303_update_mag  lsm303.o
    0x08005b10   0x0000000c   Code   RO          167    i.lv_shutdown       main.o
    0x08005b1c   0x00000140   Code   RO          168    i.main              main.o
    0x08005c5c   0x00000026   Code   RO         3434    i.mem_cmp           ff.o
    0x08005c82   0x0000001a   Code   RO         3435    i.mem_cpy           ff.o
    0x08005c9c   0x00000014   Code   RO         3436    i.mem_set           ff.o
    0x08005cb0   0x00000072   Code   RO         3437    i.move_window       ff.o
    0x08005d22   0x0000013c   Code   RO         3438    i.put_fat           ff.o
    0x08005e5e   0x00000068   Code   RO         3439    i.remove_chain      ff.o
    0x08005ec6   0x00000002   PAD
    0x08005ec8   0x000000b0   Code   RO          986    i.rtc_dt2ts         rtc.o
    0x08005f78   0x00000014   Code   RO          987    i.rtc_get_datetime  rtc.o
    0x08005f8c   0x00000064   Code   RO          988    i.rtc_init          rtc.o
    0x08005ff0   0x00000012   Code   RO          989    i.rtc_set_datetime  rtc.o
    0x08006002   0x00000014   Code   RO          990    i.rtc_set_time      rtc.o
    0x08006016   0x00000002   PAD
    0x08006018   0x000000dc   Code   RO          991    i.rtc_ts2dt         rtc.o
    0x080060f4   0x000000ca   Code   RO         3440    i.sync              ff.o
    0x080061be   0x0000002a   Code   RO         3441    i.validate          ff.o
    0x080061e8   0x00000010   Code   RO          799    i.wait_for_release  button.o
    0x080061f8   0x00000028   Data   RO          295    .constdata          i2c.o
    0x08006220   0x0000013c   Data   RO          447    .constdata          lsm303.o
    0x0800635c   0x00000008   Data   RO          992    .constdata          rtc.o
    0x08006364   0x00000080   Data   RO         3442    .constdata          ff.o
    0x080063e4   0x00000020   Data   RO         3723    Region$$Table       anon$$obj.o


    Execution Region RW_IRAM1 (Base: 0x20000000, Size: 0x0000d610, Max: 0x00010000, ABSOLUTE, COMPRESSED[0x00000088])

    Base Addr    Size         Type   Attr      Idx    E Section Name        Object

    0x20000000   0x00000019   Data   RW          170    .data               main.o
    0x20000019   0x00000003   PAD
    0x2000001c   0x00000020   Data   RW          296    .data               i2c.o
    0x2000003c   0x0000009c   Data   RW          448    .data               lsm303.o
    0x200000d8   0x00000004   Data   RW          652    .data               fs_hal.o
    0x200000dc   0x0000008c   Data   RW          714    .data               logger.o
    0x20000168   0x00000008   Data   RW          800    .data               button.o
    0x20000170   0x00000024   Data   RW          940    .data               lps001.o
    0x20000194   0x0000000c   Data   RW          993    .data               rtc.o
    0x200001a0   0x00000014   Data   RW         1071    .data               sdio.o
    0x200001b4   0x00000014   Data   RW         1440    .data               stm32f10x_rcc.o
    0x200001c8   0x00000014   Data   RW         3362    .data               system_stm32f10x.o
    0x200001dc   0x00000006   Data   RW         3443    .data               ff.o
    0x200001e2   0x00000002   PAD
    0x200001e4   0x00003bc0   Zero   RW          169    .bss                main.o
    0x20003da4   0x0000925c   Zero   RW          713    .bss                logger.o
    0x2000d000   0x00000018   Zero   RW          868    .bss                lpry.o
    0x2000d018   0x000000c4   Zero   RW         1070    .bss                sdio.o
    0x2000d0dc   0x00000130   Zero   RW         1298    .bss                exti.o
    0x2000d20c   0x00000004   PAD
    0x2000d210   0x00000400   Zero   RW         3395    STACK               startup_stm32f10x_hd.o


==============================================================================

Image component sizes


      Code (inc. data)   RO Data    RW Data    ZI Data      Debug   Object Name

       306          0          0          0          0       1483   arm_mat_mult_f32.o
       108          0          0          0          0        731   arm_mean_f32.o
       588         70          0          8          0       4460   button.o
       652         36          0          0        304       7322   exti.o
      5560         52        128          6          0      25307   ff.o
       336         14          0          4          0       4868   fs_hal.o
      1394         60         40         32          0      13083   i2c.o
       226          0          0          0          0       2535   jitter_buffer.o
      1764        294          0        140      37468       8741   logger.o
       704         84          0          0         24       4355   lpry.o
       268         36          0         36          0       2879   lps001.o
       912         50        316        156          0      21150   lsm303.o
      1300        168          0         25      15296      27257   main.o
       116         14          0          0          0       1244   misc.o
       554         30          8         12          0       3632   rtc.o
      4174        290          0         20        196      19475   sdio.o
       324         38          0          0          0       8251   sdio_ll.o
        36          8        304          0       1024        944   startup_stm32f10x_hd.o
       390         10          0          0          0       8265   stm32f10x_adc.o
        16          0          0          0          0        569   stm32f10x_bkp.o
        32          6          0          0          0        644   stm32f10x_dbgmcu.o
       506         28          0          0          0       5785   stm32f10x_dma.o
       148          6          0          0          0       1204   stm32f10x_exti.o
       354          4          0          0          0       3492   stm32f10x_gpio.o
       478         14          0          0          0       9854   stm32f10x_i2c.o
        24          0          0          0          0     289036   stm32f10x_it.o
       156         38          0          0          0       3768   stm32f10x_pwr.o
       516         78          0         20          0       9946   stm32f10x_rcc.o
       204         40          0          0          0       4734   stm32f10x_rtc.o
       364         86          0          0          0      11091   stm32f10x_sdio.o
       252         42          0          0          0       4796   stm32f10x_tim.o
       460         48          0         20          0       2697   system_stm32f10x.o

    ----------------------------------------------------------------------
     23256       1644        828        484      54316     513598   Object Totals
         0          0         32          0          0          0   (incl. Generated)
        34          0          0          5          4          0   (incl. Padding)

    ----------------------------------------------------------------------

      Code (inc. data)   RO Data    RW Data    ZI Data      Debug   Library Member Name

        92          0          0          0          0          0   __dczerorl2.o
         0          0          0          0          0          0   entry.o
         8          4          0          0          0          0   entry2.o
         4          0          0          0          0          0   entry5.o
         0          0          0          0          0          0   entry7b.o
         8          4          0          0          0          0   entry8.o
        30          0          0          0          0          0   handlers.o
        36          8          0          0          0         68   init.o
         0          0          0          0          0          0   iusefp.o
        30          0          0          0          0         68   llshl.o
        32          0          0          0          0         68   llushr.o
        56          0          0          0          0         88   d2f.o
       222          0          0          0          0        100   ddiv.o
       190          0          0          0          0        176   depilogue.o
        34          0          0          0          0         76   dflti.o
       228          0          0          0          0         92   dmul.o
       176          0          0          0          0        140   fadd.o
       128          0          0          0          0         88   fdiv.o
       108          0          0          0          0        168   fepilogue.o
        18          0          0          0          0         68   fflti.o
        10          0          0          0          0         68   ffltui.o
       108          0          0          0          0         76   fmul.o

    ----------------------------------------------------------------------
      1520         16          0          0          0       1344   Library Totals
         2          0          0          0          0          0   (incl. Padding)

    ----------------------------------------------------------------------

      Code (inc. data)   RO Data    RW Data    ZI Data      Debug   Library Name

       240         16          0          0          0        204   mc_w.l
      1278          0          0          0          0       1140   mf_w.l

    ----------------------------------------------------------------------
      1520         16          0          0          0       1344   Library Totals

    ----------------------------------------------------------------------

==============================================================================


      Code (inc. data)   RO Data    RW Data    ZI Data      Debug   

     24776       1660        828        484      54316     501162   Grand Totals
     24776       1660        828        136      54316     501162   ELF Image Totals (compressed)
     24776       1660        828        136          0          0   ROM Totals

==============================================================================

    Total RO  Size (Code + RO Data)                25604 (  25.00kB)
    Total RW  Size (RW Data + ZI Data)             54800 (  53.52kB)
    Total ROM Size (Code + RO Data + RW Data)      25740 (  25.14kB)

==============================================================================

